Archive member included to satisfy reference by file (symbol)

c:/st/stm32cubeide_1.6.1/stm32cubeide/plugins/com.st.stm32cube.ide.mcu.externaltools.gnu-tools-for-stm32.10.3-2021.10.win32_1.0.0.202111181127/tools/bin/../lib/gcc/arm-none-eabi/10.3.1/../../../../arm-none-eabi/lib/thumb/v7e-m+fp/hard\libstdc++_nano.a(new_op.o)
                              ./Core/Controls/Src/safety_controller.o (operator new(unsigned int))
c:/st/stm32cubeide_1.6.1/stm32cubeide/plugins/com.st.stm32cube.ide.mcu.externaltools.gnu-tools-for-stm32.10.3-2021.10.win32_1.0.0.202111181127/tools/bin/../lib/gcc/arm-none-eabi/10.3.1/../../../../arm-none-eabi/lib/thumb/v7e-m+fp/hard\libstdc++_nano.a(new_handler.o)
                              c:/st/stm32cubeide_1.6.1/stm32cubeide/plugins/com.st.stm32cube.ide.mcu.externaltools.gnu-tools-for-stm32.10.3-2021.10.win32_1.0.0.202111181127/tools/bin/../lib/gcc/arm-none-eabi/10.3.1/../../../../arm-none-eabi/lib/thumb/v7e-m+fp/hard\libstdc++_nano.a(new_op.o) (std::get_new_handler())
c:/st/stm32cubeide_1.6.1/stm32cubeide/plugins/com.st.stm32cube.ide.mcu.externaltools.gnu-tools-for-stm32.10.3-2021.10.win32_1.0.0.202111181127/tools/bin/../lib/gcc/arm-none-eabi/10.3.1/../../../../arm-none-eabi/lib/thumb/v7e-m+fp/hard\libc_nano.a(lib_a-abort.o)
                              c:/st/stm32cubeide_1.6.1/stm32cubeide/plugins/com.st.stm32cube.ide.mcu.externaltools.gnu-tools-for-stm32.10.3-2021.10.win32_1.0.0.202111181127/tools/bin/../lib/gcc/arm-none-eabi/10.3.1/../../../../arm-none-eabi/lib/thumb/v7e-m+fp/hard\libstdc++_nano.a(new_op.o) (abort)
c:/st/stm32cubeide_1.6.1/stm32cubeide/plugins/com.st.stm32cube.ide.mcu.externaltools.gnu-tools-for-stm32.10.3-2021.10.win32_1.0.0.202111181127/tools/bin/../lib/gcc/arm-none-eabi/10.3.1/../../../../arm-none-eabi/lib/thumb/v7e-m+fp/hard\libc_nano.a(lib_a-errno.o)
                              ./Core/Src/syscalls.o (__errno)
c:/st/stm32cubeide_1.6.1/stm32cubeide/plugins/com.st.stm32cube.ide.mcu.externaltools.gnu-tools-for-stm32.10.3-2021.10.win32_1.0.0.202111181127/tools/bin/../lib/gcc/arm-none-eabi/10.3.1/../../../../arm-none-eabi/lib/thumb/v7e-m+fp/hard\libc_nano.a(lib_a-exit.o)
                              c:/st/stm32cubeide_1.6.1/stm32cubeide/plugins/com.st.stm32cube.ide.mcu.externaltools.gnu-tools-for-stm32.10.3-2021.10.win32_1.0.0.202111181127/tools/bin/../lib/gcc/arm-none-eabi/10.3.1/../../../../arm-none-eabi/lib/thumb/v7e-m+fp/hard/crt0.o (exit)
c:/st/stm32cubeide_1.6.1/stm32cubeide/plugins/com.st.stm32cube.ide.mcu.externaltools.gnu-tools-for-stm32.10.3-2021.10.win32_1.0.0.202111181127/tools/bin/../lib/gcc/arm-none-eabi/10.3.1/../../../../arm-none-eabi/lib/thumb/v7e-m+fp/hard\libc_nano.a(lib_a-impure.o)
                              c:/st/stm32cubeide_1.6.1/stm32cubeide/plugins/com.st.stm32cube.ide.mcu.externaltools.gnu-tools-for-stm32.10.3-2021.10.win32_1.0.0.202111181127/tools/bin/../lib/gcc/arm-none-eabi/10.3.1/../../../../arm-none-eabi/lib/thumb/v7e-m+fp/hard\libc_nano.a(lib_a-exit.o) (_global_impure_ptr)
c:/st/stm32cubeide_1.6.1/stm32cubeide/plugins/com.st.stm32cube.ide.mcu.externaltools.gnu-tools-for-stm32.10.3-2021.10.win32_1.0.0.202111181127/tools/bin/../lib/gcc/arm-none-eabi/10.3.1/../../../../arm-none-eabi/lib/thumb/v7e-m+fp/hard\libc_nano.a(lib_a-init.o)
                              c:/st/stm32cubeide_1.6.1/stm32cubeide/plugins/com.st.stm32cube.ide.mcu.externaltools.gnu-tools-for-stm32.10.3-2021.10.win32_1.0.0.202111181127/tools/bin/../lib/gcc/arm-none-eabi/10.3.1/../../../../arm-none-eabi/lib/thumb/v7e-m+fp/hard/crt0.o (__libc_init_array)
c:/st/stm32cubeide_1.6.1/stm32cubeide/plugins/com.st.stm32cube.ide.mcu.externaltools.gnu-tools-for-stm32.10.3-2021.10.win32_1.0.0.202111181127/tools/bin/../lib/gcc/arm-none-eabi/10.3.1/../../../../arm-none-eabi/lib/thumb/v7e-m+fp/hard\libc_nano.a(lib_a-malloc.o)
                              c:/st/stm32cubeide_1.6.1/stm32cubeide/plugins/com.st.stm32cube.ide.mcu.externaltools.gnu-tools-for-stm32.10.3-2021.10.win32_1.0.0.202111181127/tools/bin/../lib/gcc/arm-none-eabi/10.3.1/../../../../arm-none-eabi/lib/thumb/v7e-m+fp/hard\libstdc++_nano.a(new_op.o) (malloc)
c:/st/stm32cubeide_1.6.1/stm32cubeide/plugins/com.st.stm32cube.ide.mcu.externaltools.gnu-tools-for-stm32.10.3-2021.10.win32_1.0.0.202111181127/tools/bin/../lib/gcc/arm-none-eabi/10.3.1/../../../../arm-none-eabi/lib/thumb/v7e-m+fp/hard\libc_nano.a(lib_a-memcpy-stub.o)
                              ./Core/Controls/Src/PWM.o (memcpy)
c:/st/stm32cubeide_1.6.1/stm32cubeide/plugins/com.st.stm32cube.ide.mcu.externaltools.gnu-tools-for-stm32.10.3-2021.10.win32_1.0.0.202111181127/tools/bin/../lib/gcc/arm-none-eabi/10.3.1/../../../../arm-none-eabi/lib/thumb/v7e-m+fp/hard\libc_nano.a(lib_a-memset.o)
[...]
Memory Configuration

Name             Origin             Length             Attributes
RAM              0x0000000020000000 0x0000000000018000 xrw
FLASH            0x0000000008000000 0x0000000000080000 xr
*default*        0x0000000000000000 0xffffffffffffffff

Linker script and memory map

LOAD c:/st/stm32cubeide_1.6.1/stm32cubeide/plugins/com.st.stm32cube.ide.mcu.externaltools.gnu-tools-for-stm32.10.3-2021.10.win32_1.0.0.202111181127/tools/bin/../lib/gcc/arm-none-eabi/10.3.1/thumb/v7e-m+fp/hard/crti.o
LOAD c:/st/stm32cubeide_1.6.1/stm32cubeide/plugins/com.st.stm32cube.ide.mcu.externaltools.gnu-tools-for-stm32.10.3-2021.10.win32_1.0.0.202111181127/tools/bin/../lib/gcc/arm-none-eabi/10.3.1/thumb/v7e-m+fp/hard/crtbegin.o
LOAD c:/st/stm32cubeide_1.6.1/stm32cubeide/plugins/com.st.stm32cube.ide.mcu.externaltools.gnu-tools-for-stm32.10.3-2021.10.win32_1.0.0.202111181127/tools/bin/../lib/gcc/arm-none-eabi/10.3.1/../../../../arm-none-eabi/lib/thumb/v7e-m+fp/hard/crt0.o
LOAD ./Core/Controls/Src/PWM.o
LOAD ./Core/Controls/Src/safety_controller.o
LOAD ./Core/Peripherals/Src/RSSI.o
LOAD ./Core/Src/adc.o
LOAD ./Core/Src/dma.o
LOAD ./Core/Src/gpio.o
LOAD ./Core/Src/i2c.o
LOAD ./Core/Src/main.o
LOAD ./Core/Src/spi.o
LOAD ./Core/Src/stm32f4xx_hal_msp.o
LOAD ./Core/Src/stm32f4xx_it.o
LOAD ./Core/Src/syscalls.o
LOAD ./Core/Src/sysmem.o
LOAD ./Core/Src/system_stm32f4xx.o
LOAD ./Core/Src/tim.o
LOAD ./Core/Src/usart.o
LOAD ./Core/Startup/startup_stm32f401retx.o
LOAD ./Drivers/STM32F4xx_HAL_Driver/Src/stm32f4xx_hal.o
LOAD ./Drivers/STM32F4xx_HAL_Driver/Src/stm32f4xx_hal_adc.o
LOAD ./Drivers/STM32F4xx_HAL_Driver/Src/stm32f4xx_hal_adc_ex.o
LOAD ./Drivers/STM32F4xx_HAL_Driver/Src/stm32f4xx_hal_cortex.o
LOAD ./Drivers/STM32F4xx_HAL_Driver/Src/stm32f4xx_hal_dma.o
LOAD ./Drivers/STM32F4xx_HAL_Driver/Src/stm32f4xx_hal_dma_ex.o
LOAD ./Drivers/STM32F4xx_HAL_Driver/Src/stm32f4xx_hal_exti.o
LOAD ./Drivers/STM32F4xx_HAL_Driver/Src/stm32f4xx_hal_flash.o
LOAD ./Drivers/STM32F4xx_HAL_Driver/Src/stm32f4xx_hal_flash_ex.o
LOAD ./Drivers/STM32F4xx_HAL_Driver/Src/stm32f4xx_hal_flash_ramfunc.o
LOAD ./Drivers/STM32F4xx_HAL_Driver/Src/stm32f4xx_hal_gpio.o
LOAD ./Drivers/STM32F4xx_HAL_Driver/Src/stm32f4xx_hal_i2c.o
LOAD ./Drivers/STM32F4xx_HAL_Driver/Src/stm32f4xx_hal_i2c_ex.o
LOAD ./Drivers/STM32F4xx_HAL_Driver/Src/stm32f4xx_hal_pwr.o
LOAD ./Drivers/STM32F4xx_HAL_Driver/Src/stm32f4xx_hal_pwr_ex.o
LOAD ./Drivers/STM32F4xx_HAL_Driver/Src/stm32f4xx_hal_rcc.o
LOAD ./Drivers/STM32F4xx_HAL_Driver/Src/stm32f4xx_hal_rcc_ex.o
LOAD ./Drivers/STM32F4xx_HAL_Driver/Src/stm32f4xx_hal_spi.o
LOAD ./Drivers/STM32F4xx_HAL_Driver/Src/stm32f4xx_hal_tim.o
LOAD ./Drivers/STM32F4xx_HAL_Driver/Src/stm32f4xx_hal_tim_ex.o
LOAD ./Drivers/STM32F4xx_HAL_Driver/Src/stm32f4xx_hal_uart.o
LOAD ./Drivers/STM32F4xx_HAL_Driver/Src/stm32f4xx_ll_adc.o
START GROUP
LOAD c:/st/stm32cubeide_1.6.1/stm32cubeide/plugins/com.st.stm32cube.ide.mcu.externaltools.gnu-tools-for-stm32.10.3-2021.10.win32_1.0.0.202111181127/tools/bin/../lib/gcc/arm-none-eabi/10.3.1/../../../../arm-none-eabi/lib/thumb/v7e-m+fp/hard\libstdc++_nano.a
LOAD c:/st/stm32cubeide_1.6.1/stm32cubeide/plugins/com.st.stm32cube.ide.mcu.externaltools.gnu-tools-for-stm32.10.3-2021.10.win32_1.0.0.202111181127/tools/bin/../lib/gcc/arm-none-eabi/10.3.1/../../../../arm-none-eabi/lib/thumb/v7e-m+fp/hard\libsupc++_nano.a
END GROUP
LOAD c:/st/stm32cubeide_1.6.1/stm32cubeide/plugins/com.st.stm32cube.ide.mcu.externaltools.gnu-tools-for-stm32.10.3-2021.10.win32_1.0.0.202111181127/tools/bin/../lib/gcc/arm-none-eabi/10.3.1/../../../../arm-none-eabi/lib/thumb/v7e-m+fp/hard\libstdc++_nano.a
LOAD c:/st/stm32cubeide_1.6.1/stm32cubeide/plugins/com.st.stm32cube.ide.mcu.externaltools.gnu-tools-for-stm32.10.3-2021.10.win32_1.0.0.202111181127/tools/bin/../lib/gcc/arm-none-eabi/10.3.1/../../../../arm-none-eabi/lib/thumb/v7e-m+fp/hard\libm.a
LOAD c:/st/stm32cubeide_1.6.1/stm32cubeide/plugins/com.st.stm32cube.ide.mcu.externaltools.gnu-tools-for-stm32.10.3-2021.10.win32_1.0.0.202111181127/tools/bin/../lib/gcc/arm-none-eabi/10.3.1/../../../../arm-none-eabi/lib/thumb/v7e-m+fp/hard\libc_nano.a
START GROUP
LOAD c:/st/stm32cubeide_1.6.1/stm32cubeide/plugins/com.st.stm32cube.ide.mcu.externaltools.gnu-tools-for-stm32.10.3-2021.10.win32_1.0.0.202111181127/tools/bin/../lib/gcc/arm-none-eabi/10.3.1/thumb/v7e-m+fp/hard\libgcc.a
LOAD c:/st/stm32cubeide_1.6.1/stm32cubeide/plugins/com.st.stm32cube.ide.mcu.externaltools.gnu-tools-for-stm32.10.3-2021.10.win32_1.0.0.202111181127/tools/bin/../lib/gcc/arm-none-eabi/10.3.1/../../../../arm-none-eabi/lib/thumb/v7e-m+fp/hard\libc_nano.a
END GROUP
START GROUP
LOAD c:/st/stm32cubeide_1.6.1/stm32cubeide/plugins/com.st.stm32cube.ide.mcu.externaltools.gnu-tools-for-stm32.10.3-2021.10.win32_1.0.0.202111181127/tools/bin/../lib/gcc/arm-none-eabi/10.3.1/thumb/v7e-m+fp/hard\libgcc.a
LOAD c:/st/stm32cubeide_1.6.1/stm32cubeide/plugins/com.st.stm32cube.ide.mcu.externaltools.gnu-tools-for-stm32.10.3-2021.10.win32_1.0.0.202111181127/tools/bin/../lib/gcc/arm-none-eabi/10.3.1/../../../../arm-none-eabi/lib/thumb/v7e-m+fp/hard\libc_nano.a
LOAD c:/st/stm32cubeide_1.6.1/stm32cubeide/plugins/com.st.stm32cube.ide.mcu.externaltools.gnu-tools-for-stm32.10.3-2021.10.win32_1.0.0.202111181127/tools/bin/../lib/gcc/arm-none-eabi/10.3.1/../../../../arm-none-eabi/lib/thumb/v7e-m+fp/hard\libnosys.a
END GROUP
START GROUP
LOAD c:/st/stm32cubeide_1.6.1/stm32cubeide/plugins/com.st.stm32cube.ide.mcu.externaltools.gnu-tools-for-stm32.10.3-2021.10.win32_1.0.0.202111181127/tools/bin/../lib/gcc/arm-none-eabi/10.3.1/thumb/v7e-m+fp/hard\libgcc.a
LOAD c:/st/stm32cubeide_1.6.1/stm32cubeide/plugins/com.st.stm32cube.ide.mcu.externaltools.gnu-tools-for-stm32.10.3-2021.10.win32_1.0.0.202111181127/tools/bin/../lib/gcc/arm-none-eabi/10.3.1/../../../../arm-none-eabi/lib/thumb/v7e-m+fp/hard\libc_nano.a
LOAD c:/st/stm32cubeide_1.6.1/stm32cubeide/plugins/com.st.stm32cube.ide.mcu.externaltools.gnu-tools-for-stm32.10.3-2021.10.win32_1.0.0.202111181127/tools/bin/../lib/gcc/arm-none-eabi/10.3.1/../../../../arm-none-eabi/lib/thumb/v7e-m+fp/hard\libnosys.a
END GROUP
LOAD c:/st/stm32cubeide_1.6.1/stm32cubeide/plugins/com.st.stm32cube.ide.mcu.externaltools.gnu-tools-for-stm32.10.3-2021.10.win32_1.0.0.202111181127/tools/bin/../lib/gcc/arm-none-eabi/10.3.1/thumb/v7e-m+fp/hard/crtend.o
LOAD c:/st/stm32cubeide_1.6.1/stm32cubeide/plugins/com.st.stm32cube.ide.mcu.externaltools.gnu-tools-for-stm32.10.3-2021.10.win32_1.0.0.202111181127/tools/bin/../lib/gcc/arm-none-eabi/10.3.1/thumb/v7e-m+fp/hard/crtn.o
                0x0000000020018000                _estack = (ORIGIN (RAM) + LENGTH (RAM))
                0x0000000000000200                _Min_Heap_Size = 0x200
                0x0000000000000400                _Min_Stack_Size = 0x400

.isr_vector     0x0000000008000000      0x194
                0x0000000008000000                . = ALIGN (0x4)
 *(.isr_vector)
 .isr_vector    0x0000000008000000      0x194 ./Core/Startup/startup_stm32f401retx.o
                0x0000000008000000                g_pfnVectors
                0x0000000008000194                . = ALIGN (0x4)

.text           0x0000000008000194     0x530c
                0x0000000008000194                . = ALIGN (0x4)
 *(.text)
 .text          0x0000000008000194       0x40 c:/st/stm32cubeide_1.6.1/stm32cubeide/plugins/com.st.stm32cube.ide.mcu.externaltools.gnu-tools-for-stm32.10.3-2021.10.win32_1.0.0.202111181127/tools/bin/../lib/gcc/arm-none-eabi/10.3.1/thumb/v7e-m+fp/hard/crtbegin.o
 .text          0x00000000080001d4       0x30 c:/st/stm32cubeide_1.6.1/stm32cubeide/plugins/com.st.stm32cube.ide.mcu.externaltools.gnu-tools-for-stm32.10.3-2021.10.win32_1.0.0.202111181127/tools/bin/../lib/gcc/arm-none-eabi/10.3.1/thumb/v7e-m+fp/hard\libgcc.a(_aeabi_uldivmod.o)
                0x00000000080001d4                __aeabi_uldivmod
 .text          0x0000000008000204      0x2d0 c:/st/stm32cubeide_1.6.1/stm32cubeide/plugins/com.st.stm32cube.ide.mcu.externaltools.gnu-tools-for-stm32.10.3-2021.10.win32_1.0.0.202111181127/tools/bin/../lib/gcc/arm-none-eabi/10.3.1/thumb/v7e-m+fp/hard\libgcc.a(_udivmoddi4.o)
                0x0000000008000204                __udivmoddi4
 .text          0x00000000080004d4        0x4 c:/st/stm32cubeide_1.6.1/stm32cubeide/plugins/com.st.stm32cube.ide.mcu.externaltools.gnu-tools-for-stm32.10.3-2021.10.win32_1.0.0.202111181127/tools/bin/../lib/gcc/arm-none-eabi/10.3.1/thumb/v7e-m+fp/hard\libgcc.a(_dvmd_tls.o)
                0x00000000080004d4                __aeabi_idiv0
                0x00000000080004d4                __aeabi_ldiv0
 *(.text*)
 .text._ZN10PWMChannelC2Ev
                0x00000000080004d8       0xa8 ./Core/Controls/Src/PWM.o
                0x00000000080004d8                PWMChannel::PWMChannel()
                0x00000000080004d8                PWMChannel::PWMChannel()
 .text._ZN10PWMChannel3setEhf
                0x0000000008000580      0x10c ./Core/Controls/Src/PWM.o
                0x0000000008000580                PWMChannel::set(unsigned char, float)
 .text._ZN10PWMChannel21dshotPrepareDMABufferEPmf
                0x000000000800068c       0x66 ./Core/Controls/Src/PWM.o
                0x000000000800068c                PWMChannel::dshotPrepareDMABuffer(unsigned long*, float)
 *fill*         0x00000000080006f2        0x2 
 .text._ZN10PWMChannel17dshotPrepareFrameEfb
                0x00000000080006f4       0x90 ./Core/Controls/Src/PWM.o
                0x00000000080006f4                PWMChannel::dshotPrepareFrame(float, bool)
 .text._ZN10PWMChannel13dshotStartDMAE12PWMPinConfig
                0x0000000008000784       0xa0 ./Core/Controls/Src/PWM.o
                0x0000000008000784                PWMChannel::dshotStartDMA(PWMPinConfig)
 .text._ZN10PWMChannel22dshotEnableDMARequestsE12PWMPinConfig
                0x0000000008000824       0x32 ./Core/Controls/Src/PWM.o
                0x0000000008000824                PWMChannel::dshotEnableDMARequests(PWMPinConfig)
 *fill*         0x0000000008000856        0x2 
 .text._Z41__static_initialization_and_destruction_0ii
                0x0000000008000858       0x3c ./Core/Controls/Src/PWM.o
 .text._GLOBAL__sub_I_DSHOT_TIM
                0x0000000008000894       0x10 ./Core/Controls/Src/PWM.o
 .text._Z9safetyRunv
                0x00000000080008a4       0x58 ./Core/Controls/Src/safety_controller.o
                0x00000000080008a4                safetyRun()
 .text.MX_ADC1_Init
                0x00000000080008fc       0xa4 ./Core/Src/adc.o
                0x00000000080008fc                MX_ADC1_Init
 .text.HAL_ADC_MspInit
                0x00000000080009a0       0x88 ./Core/Src/adc.o
                0x00000000080009a0                HAL_ADC_MspInit
 .text.MX_DMA_Init
                0x0000000008000a28       0x70 ./Core/Src/dma.o
                0x0000000008000a28                MX_DMA_Init
 .text.MX_GPIO_Init
                0x0000000008000a98      0x170 ./Core/Src/gpio.o
                0x0000000008000a98                MX_GPIO_Init
 .text.MX_I2C1_Init
                0x0000000008000c08       0x5c ./Core/Src/i2c.o
                0x0000000008000c08                MX_I2C1_Init
 .text.HAL_I2C_MspInit
                0x0000000008000c64       0x90 ./Core/Src/i2c.o
                0x0000000008000c64                HAL_I2C_MspInit
 .text.main     0x0000000008000cf4       0x42 ./Core/Src/main.o
                0x0000000008000cf4                main
 *fill*         0x0000000008000d36        0x2 
 .text._Z18SystemClock_Configv
                0x0000000008000d38       0xe8 ./Core/Src/main.o
                0x0000000008000d38                SystemClock_Config()
 .text.Error_Handler
                0x0000000008000e20        0xa ./Core/Src/main.o
                0x0000000008000e20                Error_Handler
 *fill*         0x0000000008000e2a        0x2 
 .text.MX_SPI2_Init
                0x0000000008000e2c       0x64 ./Core/Src/spi.o
                0x0000000008000e2c                MX_SPI2_Init
 .text.MX_SPI3_Init
                0x0000000008000e90       0x64 ./Core/Src/spi.o
                0x0000000008000e90                MX_SPI3_Init
 .text.HAL_SPI_MspInit
                0x0000000008000ef4      0x13c ./Core/Src/spi.o
                0x0000000008000ef4                HAL_SPI_MspInit
 .text.HAL_MspInit
                0x0000000008001030       0x50 ./Core/Src/stm32f4xx_hal_msp.o
                0x0000000008001030                HAL_MspInit
 .text.NMI_Handler
                0x0000000008001080        0x6 ./Core/Src/stm32f4xx_it.o
                0x0000000008001080                NMI_Handler
 .text.HardFault_Handler
                0x0000000008001086        0x6 ./Core/Src/stm32f4xx_it.o
                0x0000000008001086                HardFault_Handler
 .text.MemManage_Handler
                0x000000000800108c        0x6 ./Core/Src/stm32f4xx_it.o
                0x000000000800108c                MemManage_Handler
 .text.BusFault_Handler
                0x0000000008001092        0x6 ./Core/Src/stm32f4xx_it.o
                0x0000000008001092                BusFault_Handler
 .text.UsageFault_Handler
                0x0000000008001098        0x6 ./Core/Src/stm32f4xx_it.o
                0x0000000008001098                UsageFault_Handler
 .text.SVC_Handler
                0x000000000800109e        0xe ./Core/Src/stm32f4xx_it.o
                0x000000000800109e                SVC_Handler
 .text.DebugMon_Handler
                0x00000000080010ac        0xe ./Core/Src/stm32f4xx_it.o
                0x00000000080010ac                DebugMon_Handler
 .text.PendSV_Handler
                0x00000000080010ba        0xe ./Core/Src/stm32f4xx_it.o
                0x00000000080010ba                PendSV_Handler
 .text.SysTick_Handler
                0x00000000080010c8        0xc ./Core/Src/stm32f4xx_it.o
                0x00000000080010c8                SysTick_Handler
 .text.DMA2_Stream1_IRQHandler
                0x00000000080010d4       0x14 ./Core/Src/stm32f4xx_it.o
                0x00000000080010d4                DMA2_Stream1_IRQHandler
 .text.DMA2_Stream2_IRQHandler
                0x00000000080010e8       0x14 ./Core/Src/stm32f4xx_it.o
                0x00000000080010e8                DMA2_Stream2_IRQHandler
 .text.DMA2_Stream4_IRQHandler
                0x00000000080010fc       0x14 ./Core/Src/stm32f4xx_it.o
                0x00000000080010fc                DMA2_Stream4_IRQHandler
 .text.DMA2_Stream6_IRQHandler
                0x0000000008001110       0x14 ./Core/Src/stm32f4xx_it.o
                0x0000000008001110                DMA2_Stream6_IRQHandler
 .text._getpid  0x0000000008001124       0x10 ./Core/Src/syscalls.o
                0x0000000008001124                _getpid
 .text._kill    0x0000000008001134       0x20 ./Core/Src/syscalls.o
                0x0000000008001134                _kill
 .text._exit    0x0000000008001154       0x14 ./Core/Src/syscalls.o
                0x0000000008001154                _exit
 .text._sbrk    0x0000000008001168       0x6c ./Core/Src/sysmem.o
                0x0000000008001168                _sbrk
 .text.SystemInit
                0x00000000080011d4       0x24 ./Core/Src/system_stm32f4xx.o
                0x00000000080011d4                SystemInit
 .text.MX_TIM1_Init
                0x00000000080011f8      0x188 ./Core/Src/tim.o
                0x00000000080011f8                MX_TIM1_Init
 .text.MX_TIM2_Init
                0x0000000008001380       0xf4 ./Core/Src/tim.o
                0x0000000008001380                MX_TIM2_Init
 .text.MX_TIM3_Init
                0x0000000008001474      0x130 ./Core/Src/tim.o
                0x0000000008001474                MX_TIM3_Init
 .text.HAL_TIM_Base_MspInit
                0x00000000080015a4      0x2ec ./Core/Src/tim.o
                0x00000000080015a4                HAL_TIM_Base_MspInit
 .text.HAL_TIM_MspPostInit
                0x0000000008001890      0x100 ./Core/Src/tim.o
                0x0000000008001890                HAL_TIM_MspPostInit
 .text.MX_USART1_UART_Init
                0x0000000008001990       0x54 ./Core/Src/usart.o
                0x0000000008001990                MX_USART1_UART_Init
 .text.MX_USART2_UART_Init
                0x00000000080019e4       0x54 ./Core/Src/usart.o
                0x00000000080019e4                MX_USART2_UART_Init
 .text.MX_USART6_UART_Init
                0x0000000008001a38       0x54 ./Core/Src/usart.o
                0x0000000008001a38                MX_USART6_UART_Init
 .text.HAL_UART_MspInit
                0x0000000008001a8c      0x168 ./Core/Src/usart.o
                0x0000000008001a8c                HAL_UART_MspInit
 .text.Reset_Handler
                0x0000000008001bf4       0x50 ./Core/Startup/startup_stm32f401retx.o
                0x0000000008001bf4                Reset_Handler
 .text.Default_Handler
                0x0000000008001c44        0x2 ./Core/Startup/startup_stm32f401retx.o
                0x0000000008001c44                RTC_Alarm_IRQHandler
                0x0000000008001c44                EXTI2_IRQHandler
                0x0000000008001c44                SPI4_IRQHandler
                0x0000000008001c44                TIM1_CC_IRQHandler
                0x0000000008001c44                DMA2_Stream5_IRQHandler
                0x0000000008001c44                DMA1_Stream5_IRQHandler
                0x0000000008001c44                PVD_IRQHandler
                0x0000000008001c44                SDIO_IRQHandler
                0x0000000008001c44                TAMP_STAMP_IRQHandler
                0x0000000008001c44                EXTI3_IRQHandler
                0x0000000008001c44                TIM1_UP_TIM10_IRQHandler
                0x0000000008001c44                I2C3_ER_IRQHandler
                0x0000000008001c44                EXTI0_IRQHandler
                0x0000000008001c44                I2C2_EV_IRQHandler
                0x0000000008001c44                DMA1_Stream2_IRQHandler
                0x0000000008001c44                FPU_IRQHandler
                0x0000000008001c44                SPI1_IRQHandler
                0x0000000008001c44                TIM1_BRK_TIM9_IRQHandler
                0x0000000008001c44                DMA2_Stream3_IRQHandler
                0x0000000008001c44                USART6_IRQHandler
                0x0000000008001c44                DMA2_Stream0_IRQHandler
                0x0000000008001c44                TIM4_IRQHandler
                0x0000000008001c44                I2C1_EV_IRQHandler
                0x0000000008001c44                DMA1_Stream6_IRQHandler
                0x0000000008001c44                DMA1_Stream1_IRQHandler
                0x0000000008001c44                TIM3_IRQHandler
                0x0000000008001c44                RCC_IRQHandler
                0x0000000008001c44                Default_Handler
                0x0000000008001c44                EXTI15_10_IRQHandler
                0x0000000008001c44                ADC_IRQHandler
                0x0000000008001c44                DMA1_Stream7_IRQHandler
                0x0000000008001c44                TIM5_IRQHandler
                0x0000000008001c44                DMA2_Stream7_IRQHandler
                0x0000000008001c44                I2C3_EV_IRQHandler
                0x0000000008001c44                EXTI9_5_IRQHandler
                0x0000000008001c44                RTC_WKUP_IRQHandler
                0x0000000008001c44                SPI2_IRQHandler
                0x0000000008001c44                DMA1_Stream0_IRQHandler
                0x0000000008001c44                EXTI4_IRQHandler
                0x0000000008001c44                WWDG_IRQHandler
                0x0000000008001c44                TIM2_IRQHandler
                0x0000000008001c44                OTG_FS_WKUP_IRQHandler
                0x0000000008001c44                TIM1_TRG_COM_TIM11_IRQHandler
                0x0000000008001c44                EXTI1_IRQHandler
                0x0000000008001c44                USART2_IRQHandler
                0x0000000008001c44                I2C2_ER_IRQHandler
                0x0000000008001c44                FLASH_IRQHandler
                0x0000000008001c44                USART1_IRQHandler
                0x0000000008001c44                OTG_FS_IRQHandler
                0x0000000008001c44                SPI3_IRQHandler
                0x0000000008001c44                DMA1_Stream4_IRQHandler
                0x0000000008001c44                I2C1_ER_IRQHandler
                0x0000000008001c44                DMA1_Stream3_IRQHandler
 *fill*         0x0000000008001c46        0x2 
 .text.HAL_Init
                0x0000000008001c48       0x44 ./Drivers/STM32F4xx_HAL_Driver/Src/stm32f4xx_hal.o
                0x0000000008001c48                HAL_Init
 .text.HAL_InitTick
                0x0000000008001c8c       0x60 ./Drivers/STM32F4xx_HAL_Driver/Src/stm32f4xx_hal.o
                0x0000000008001c8c                HAL_InitTick
 .text.HAL_IncTick
                0x0000000008001cec       0x28 ./Drivers/STM32F4xx_HAL_Driver/Src/stm32f4xx_hal.o
                0x0000000008001cec                HAL_IncTick
 .text.HAL_GetTick
                0x0000000008001d14       0x18 ./Drivers/STM32F4xx_HAL_Driver/Src/stm32f4xx_hal.o
                0x0000000008001d14                HAL_GetTick
 .text.HAL_Delay
                0x0000000008001d2c       0x48 ./Drivers/STM32F4xx_HAL_Driver/Src/stm32f4xx_hal.o
                0x0000000008001d2c                HAL_Delay
 .text.HAL_ADC_Init
                0x0000000008001d74       0x86 ./Drivers/STM32F4xx_HAL_Driver/Src/stm32f4xx_hal_adc.o
                0x0000000008001d74                HAL_ADC_Init
 *fill*         0x0000000008001dfa        0x2 
 .text.HAL_ADC_ConfigChannel
                0x0000000008001dfc      0x244 ./Drivers/STM32F4xx_HAL_Driver/Src/stm32f4xx_hal_adc.o
                0x0000000008001dfc                HAL_ADC_ConfigChannel
 .text.ADC_Init
                0x0000000008002040      0x1f8 ./Drivers/STM32F4xx_HAL_Driver/Src/stm32f4xx_hal_adc.o
 .text.__NVIC_SetPriorityGrouping
                0x0000000008002238       0x48 ./Drivers/STM32F4xx_HAL_Driver/Src/stm32f4xx_hal_cortex.o
 .text.__NVIC_GetPriorityGrouping
                0x0000000008002280       0x1c ./Drivers/STM32F4xx_HAL_Driver/Src/stm32f4xx_hal_cortex.o
 .text.__NVIC_EnableIRQ
                0x000000000800229c       0x3c ./Drivers/STM32F4xx_HAL_Driver/Src/stm32f4xx_hal_cortex.o
 .text.__NVIC_SetPriority
                0x00000000080022d8       0x54 ./Drivers/STM32F4xx_HAL_Driver/Src/stm32f4xx_hal_cortex.o
 .text.NVIC_EncodePriority
                0x000000000800232c       0x66 ./Drivers/STM32F4xx_HAL_Driver/Src/stm32f4xx_hal_cortex.o
 *fill*         0x0000000008002392        0x2 
 .text.SysTick_Config
                0x0000000008002394       0x44 ./Drivers/STM32F4xx_HAL_Driver/Src/stm32f4xx_hal_cortex.o
 .text.HAL_NVIC_SetPriorityGrouping
                0x00000000080023d8       0x16 ./Drivers/STM32F4xx_HAL_Driver/Src/stm32f4xx_hal_cortex.o
                0x00000000080023d8                HAL_NVIC_SetPriorityGrouping
 .text.HAL_NVIC_SetPriority
                0x00000000080023ee       0x38 ./Drivers/STM32F4xx_HAL_Driver/Src/stm32f4xx_hal_cortex.o
                0x00000000080023ee                HAL_NVIC_SetPriority
 .text.HAL_NVIC_EnableIRQ
                0x0000000008002426       0x1c ./Drivers/STM32F4xx_HAL_Driver/Src/stm32f4xx_hal_cortex.o
                0x0000000008002426                HAL_NVIC_EnableIRQ
 .text.HAL_SYSTICK_Config
                0x0000000008002442       0x18 ./Drivers/STM32F4xx_HAL_Driver/Src/stm32f4xx_hal_cortex.o
                0x0000000008002442                HAL_SYSTICK_Config
 *fill*         0x000000000800245a        0x2 
 .text.HAL_DMA_Init
                0x000000000800245c      0x15c ./Drivers/STM32F4xx_HAL_Driver/Src/stm32f4xx_hal_dma.o
                0x000000000800245c                HAL_DMA_Init
 .text.HAL_DMA_Start
                0x00000000080025b8       0x76 ./Drivers/STM32F4xx_HAL_Driver/Src/stm32f4xx_hal_dma.o
                0x00000000080025b8                HAL_DMA_Start
 *fill*         0x000000000800262e        0x2 
 .text.HAL_DMA_IRQHandler
                0x0000000008002630      0x314 ./Drivers/STM32F4xx_HAL_Driver/Src/stm32f4xx_hal_dma.o
                0x0000000008002630                HAL_DMA_IRQHandler
 .text.DMA_SetConfig
                0x0000000008002944       0x5c ./Drivers/STM32F4xx_HAL_Driver/Src/stm32f4xx_hal_dma.o
 .text.DMA_CalcBaseAndBitshift
                0x00000000080029a0       0x6c ./Drivers/STM32F4xx_HAL_Driver/Src/stm32f4xx_hal_dma.o
 .text.DMA_CheckFifoParam
                0x0000000008002a0c       0xf8 ./Drivers/STM32F4xx_HAL_Driver/Src/stm32f4xx_hal_dma.o
 .text.HAL_GPIO_Init
                0x0000000008002b04      0x308 ./Drivers/STM32F4xx_HAL_Driver/Src/stm32f4xx_hal_gpio.o
                0x0000000008002b04                HAL_GPIO_Init
 .text.HAL_GPIO_WritePin
                0x0000000008002e0c       0x32 ./Drivers/STM32F4xx_HAL_Driver/Src/stm32f4xx_hal_gpio.o
                0x0000000008002e0c                HAL_GPIO_WritePin
 .text.HAL_GPIO_TogglePin
                0x0000000008002e3e       0x34 ./Drivers/STM32F4xx_HAL_Driver/Src/stm32f4xx_hal_gpio.o
                0x0000000008002e3e                HAL_GPIO_TogglePin
 *fill*         0x0000000008002e72        0x2 
 .text.HAL_I2C_Init
                0x0000000008002e74      0x288 ./Drivers/STM32F4xx_HAL_Driver/Src/stm32f4xx_hal_i2c.o
                0x0000000008002e74                HAL_I2C_Init
 .text.HAL_RCC_OscConfig
                0x00000000080030fc      0x4f0 ./Drivers/STM32F4xx_HAL_Driver/Src/stm32f4xx_hal_rcc.o
                0x00000000080030fc                HAL_RCC_OscConfig
 .text.HAL_RCC_ClockConfig
                0x00000000080035ec      0x1cc ./Drivers/STM32F4xx_HAL_Driver/Src/stm32f4xx_hal_rcc.o
                0x00000000080035ec                HAL_RCC_ClockConfig
 .text.HAL_RCC_GetSysClockFreq
                0x00000000080037b8      0x20c ./Drivers/STM32F4xx_HAL_Driver/Src/stm32f4xx_hal_rcc.o
                0x00000000080037b8                HAL_RCC_GetSysClockFreq
 .text.HAL_RCC_GetHCLKFreq
                0x00000000080039c4       0x18 ./Drivers/STM32F4xx_HAL_Driver/Src/stm32f4xx_hal_rcc.o
                0x00000000080039c4                HAL_RCC_GetHCLKFreq
 .text.HAL_RCC_GetPCLK1Freq
                0x00000000080039dc       0x28 ./Drivers/STM32F4xx_HAL_Driver/Src/stm32f4xx_hal_rcc.o
                0x00000000080039dc                HAL_RCC_GetPCLK1Freq
 .text.HAL_RCC_GetPCLK2Freq
                0x0000000008003a04       0x28 ./Drivers/STM32F4xx_HAL_Driver/Src/stm32f4xx_hal_rcc.o
                0x0000000008003a04                HAL_RCC_GetPCLK2Freq
 .text.HAL_SPI_Init
                0x0000000008003a2c      0x112 ./Drivers/STM32F4xx_HAL_Driver/Src/stm32f4xx_hal_spi.o
                0x0000000008003a2c                HAL_SPI_Init
 .text.HAL_TIM_Base_Init
                0x0000000008003b3e       0x9e ./Drivers/STM32F4xx_HAL_Driver/Src/stm32f4xx_hal_tim.o
                0x0000000008003b3e                HAL_TIM_Base_Init
 .text.HAL_TIM_PWM_Init
                0x0000000008003bdc       0x9e ./Drivers/STM32F4xx_HAL_Driver/Src/stm32f4xx_hal_tim.o
                0x0000000008003bdc                HAL_TIM_PWM_Init
 .text.HAL_TIM_PWM_MspInit
                0x0000000008003c7a       0x14 ./Drivers/STM32F4xx_HAL_Driver/Src/stm32f4xx_hal_tim.o
                0x0000000008003c7a                HAL_TIM_PWM_MspInit
 *fill*         0x0000000008003c8e        0x2 
 .text.HAL_TIM_PWM_Start
                0x0000000008003c90      0x160 ./Drivers/STM32F4xx_HAL_Driver/Src/stm32f4xx_hal_tim.o
                0x0000000008003c90                HAL_TIM_PWM_Start
 .text.HAL_TIM_IC_Init
                0x0000000008003df0       0x9e ./Drivers/STM32F4xx_HAL_Driver/Src/stm32f4xx_hal_tim.o
                0x0000000008003df0                HAL_TIM_IC_Init
 .text.HAL_TIM_IC_MspInit
                0x0000000008003e8e       0x14 ./Drivers/STM32F4xx_HAL_Driver/Src/stm32f4xx_hal_tim.o
                0x0000000008003e8e                HAL_TIM_IC_MspInit
 .text.HAL_TIM_IC_ConfigChannel
                0x0000000008003ea2      0x138 ./Drivers/STM32F4xx_HAL_Driver/Src/stm32f4xx_hal_tim.o
                0x0000000008003ea2                HAL_TIM_IC_ConfigChannel
 *fill*         0x0000000008003fda        0x2 
 .text.HAL_TIM_PWM_ConfigChannel
                0x0000000008003fdc      0x184 ./Drivers/STM32F4xx_HAL_Driver/Src/stm32f4xx_hal_tim.o
                0x0000000008003fdc                HAL_TIM_PWM_ConfigChannel
 .text.HAL_TIM_ConfigClockSource
                0x0000000008004160      0x18e ./Drivers/STM32F4xx_HAL_Driver/Src/stm32f4xx_hal_tim.o
                0x0000000008004160                HAL_TIM_ConfigClockSource
 *fill*         0x00000000080042ee        0x2 
 .text.TIM_Base_SetConfig
                0x00000000080042f0      0x100 ./Drivers/STM32F4xx_HAL_Driver/Src/stm32f4xx_hal_tim.o
                0x00000000080042f0                TIM_Base_SetConfig
 .text.TIM_OC1_SetConfig
                0x00000000080043f0       0xcc ./Drivers/STM32F4xx_HAL_Driver/Src/stm32f4xx_hal_tim.o
 .text.TIM_OC2_SetConfig
                0x00000000080044bc       0xd8 ./Drivers/STM32F4xx_HAL_Driver/Src/stm32f4xx_hal_tim.o
                0x00000000080044bc                TIM_OC2_SetConfig
 .text.TIM_OC3_SetConfig
                0x0000000008004594       0xd4 ./Drivers/STM32F4xx_HAL_Driver/Src/stm32f4xx_hal_tim.o
 .text.TIM_OC4_SetConfig
                0x0000000008004668       0xa0 ./Drivers/STM32F4xx_HAL_Driver/Src/stm32f4xx_hal_tim.o
 .text.TIM_TI1_SetConfig
                0x0000000008004708       0xd0 ./Drivers/STM32F4xx_HAL_Driver/Src/stm32f4xx_hal_tim.o
                0x0000000008004708                TIM_TI1_SetConfig
 .text.TIM_TI1_ConfigInputStage
                0x00000000080047d8       0x5e ./Drivers/STM32F4xx_HAL_Driver/Src/stm32f4xx_hal_tim.o
 .text.TIM_TI2_SetConfig
                0x0000000008004836       0x7a ./Drivers/STM32F4xx_HAL_Driver/Src/stm32f4xx_hal_tim.o
 .text.TIM_TI2_ConfigInputStage
                0x00000000080048b0       0x60 ./Drivers/STM32F4xx_HAL_Driver/Src/stm32f4xx_hal_tim.o
 .text.TIM_TI3_SetConfig
                0x0000000008004910       0x78 ./Drivers/STM32F4xx_HAL_Driver/Src/stm32f4xx_hal_tim.o
 .text.TIM_TI4_SetConfig
                0x0000000008004988       0x7a ./Drivers/STM32F4xx_HAL_Driver/Src/stm32f4xx_hal_tim.o
 .text.TIM_ITRx_SetConfig
                0x0000000008004a02       0x36 ./Drivers/STM32F4xx_HAL_Driver/Src/stm32f4xx_hal_tim.o
 .text.TIM_ETR_SetConfig
                0x0000000008004a38       0x40 ./Drivers/STM32F4xx_HAL_Driver/Src/stm32f4xx_hal_tim.o
                0x0000000008004a38                TIM_ETR_SetConfig
 .text.TIM_CCxChannelCmd
                0x0000000008004a78       0x4a ./Drivers/STM32F4xx_HAL_Driver/Src/stm32f4xx_hal_tim.o
                0x0000000008004a78                TIM_CCxChannelCmd
 *fill*         0x0000000008004ac2        0x2 
 .text.HAL_TIMEx_MasterConfigSynchronization
                0x0000000008004ac4       0xdc ./Drivers/STM32F4xx_HAL_Driver/Src/stm32f4xx_hal_tim_ex.o
                0x0000000008004ac4                HAL_TIMEx_MasterConfigSynchronization
 .text.HAL_TIMEx_ConfigBreakDeadTime
                0x0000000008004ba0       0xa4 ./Drivers/STM32F4xx_HAL_Driver/Src/stm32f4xx_hal_tim_ex.o
                0x0000000008004ba0                HAL_TIMEx_ConfigBreakDeadTime
 .text.HAL_UART_Init
                0x0000000008004c44       0x9a ./Drivers/STM32F4xx_HAL_Driver/Src/stm32f4xx_hal_uart.o
                0x0000000008004c44                HAL_UART_Init
 *fill*         0x0000000008004cde        0x2 
 .text.UART_SetConfig
                0x0000000008004ce0      0x4e8 ./Drivers/STM32F4xx_HAL_Driver/Src/stm32f4xx_hal_uart.o
 .text._Znwj    0x00000000080051c8       0x22 c:/st/stm32cubeide_1.6.1/stm32cubeide/plugins/com.st.stm32cube.ide.mcu.externaltools.gnu-tools-for-stm32.10.3-2021.10.win32_1.0.0.202111181127/tools/bin/../lib/gcc/arm-none-eabi/10.3.1/../../../../arm-none-eabi/lib/thumb/v7e-m+fp/hard\libstdc++_nano.a(new_op.o)
                0x00000000080051c8                operator new(unsigned int)
 *fill*         0x00000000080051ea        0x2 
 .text._ZSt15get_new_handlerv
                0x00000000080051ec       0x10 c:/st/stm32cubeide_1.6.1/stm32cubeide/plugins/com.st.stm32cube.ide.mcu.externaltools.gnu-tools-for-stm32.10.3-2021.10.win32_1.0.0.202111181127/tools/bin/../lib/gcc/arm-none-eabi/10.3.1/../../../../arm-none-eabi/lib/thumb/v7e-m+fp/hard\libstdc++_nano.a(new_handler.o)
                0x00000000080051ec                std::get_new_handler()
 .text.abort    0x00000000080051fc        0xe c:/st/stm32cubeide_1.6.1/stm32cubeide/plugins/com.st.stm32cube.ide.mcu.externaltools.gnu-tools-for-stm32.10.3-2021.10.win32_1.0.0.202111181127/tools/bin/../lib/gcc/arm-none-eabi/10.3.1/../../../../arm-none-eabi/lib/thumb/v7e-m+fp/hard\libc_nano.a(lib_a-abort.o)
                0x00000000080051fc                abort
 *fill*         0x000000000800520a        0x2 
 .text.__errno  0x000000000800520c        0xc c:/st/stm32cubeide_1.6.1/stm32cubeide/plugins/com.st.stm32cube.ide.mcu.externaltools.gnu-tools-for-stm32.10.3-2021.10.win32_1.0.0.202111181127/tools/bin/../lib/gcc/arm-none-eabi/10.3.1/../../../../arm-none-eabi/lib/thumb/v7e-m+fp/hard\libc_nano.a(lib_a-errno.o)
                0x000000000800520c                __errno
 .text.__libc_init_array
                0x0000000008005218       0x48 c:/st/stm32cubeide_1.6.1/stm32cubeide/plugins/com.st.stm32cube.ide.mcu.externaltools.gnu-tools-for-stm32.10.3-2021.10.win32_1.0.0.202111181127/tools/bin/../lib/gcc/arm-none-eabi/10.3.1/../../../../arm-none-eabi/lib/thumb/v7e-m+fp/hard\libc_nano.a(lib_a-init.o)
                0x0000000008005218                __libc_init_array
 .text.malloc   0x0000000008005260       0x10 c:/st/stm32cubeide_1.6.1/stm32cubeide/plugins/com.st.stm32cube.ide.mcu.externaltools.gnu-tools-for-stm32.10.3-2021.10.win32_1.0.0.202111181127/tools/bin/../lib/gcc/arm-none-eabi/10.3.1/../../../../arm-none-eabi/lib/thumb/v7e-m+fp/hard\libc_nano.a(lib_a-malloc.o)
                0x0000000008005260                malloc
 .text.memcpy   0x0000000008005270       0x1c c:/st/stm32cubeide_1.6.1/stm32cubeide/plugins/com.st.stm32cube.ide.mcu.externaltools.gnu-tools-for-stm32.10.3-2021.10.win32_1.0.0.202111181127/tools/bin/../lib/gcc/arm-none-eabi/10.3.1/../../../../arm-none-eabi/lib/thumb/v7e-m+fp/hard\libc_nano.a(lib_a-memcpy-stub.o)
                0x0000000008005270                memcpy
 .text.memset   0x000000000800528c       0x10 c:/st/stm32cubeide_1.6.1/stm32cubeide/plugins/com.st.stm32cube.ide.mcu.externaltools.gnu-tools-for-stm32.10.3-2021.10.win32_1.0.0.202111181127/tools/bin/../lib/gcc/arm-none-eabi/10.3.1/../../../../arm-none-eabi/lib/thumb/v7e-m+fp/hard\libc_nano.a(lib_a-memset.o)
                0x000000000800528c                memset
 .text.sbrk_aligned
                0x000000000800529c       0x40 c:/st/stm32cubeide_1.6.1/stm32cubeide/plugins/com.st.stm32cube.ide.mcu.externaltools.gnu-tools-for-stm32.10.3-2021.10.win32_1.0.0.202111181127/tools/bin/../lib/gcc/arm-none-eabi/10.3.1/../../../../arm-none-eabi/lib/thumb/v7e-m+fp/hard\libc_nano.a(lib_a-nano-mallocr.o)
 .text._malloc_r
                0x00000000080052dc       0xe8 c:/st/stm32cubeide_1.6.1/stm32cubeide/plugins/com.st.stm32cube.ide.mcu.externaltools.gnu-tools-for-stm32.10.3-2021.10.win32_1.0.0.202111181127/tools/bin/../lib/gcc/arm-none-eabi/10.3.1/../../../../arm-none-eabi/lib/thumb/v7e-m+fp/hard\libc_nano.a(lib_a-nano-mallocr.o)
                0x00000000080052dc                _malloc_r
 .text._sbrk_r  0x00000000080053c4       0x20 c:/st/stm32cubeide_1.6.1/stm32cubeide/plugins/com.st.stm32cube.ide.mcu.externaltools.gnu-tools-for-stm32.10.3-2021.10.win32_1.0.0.202111181127/tools/bin/../lib/gcc/arm-none-eabi/10.3.1/../../../../arm-none-eabi/lib/thumb/v7e-m+fp/hard\libc_nano.a(lib_a-sbrkr.o)
                0x00000000080053c4                _sbrk_r
 .text._raise_r
                0x00000000080053e4       0x50 c:/st/stm32cubeide_1.6.1/stm32cubeide/plugins/com.st.stm32cube.ide.mcu.externaltools.gnu-tools-for-stm32.10.3-2021.10.win32_1.0.0.202111181127/tools/bin/../lib/gcc/arm-none-eabi/10.3.1/../../../../arm-none-eabi/lib/thumb/v7e-m+fp/hard\libc_nano.a(lib_a-signal.o)
                0x00000000080053e4                _raise_r
 .text.raise    0x0000000008005434       0x10 c:/st/stm32cubeide_1.6.1/stm32cubeide/plugins/com.st.stm32cube.ide.mcu.externaltools.gnu-tools-for-stm32.10.3-2021.10.win32_1.0.0.202111181127/tools/bin/../lib/gcc/arm-none-eabi/10.3.1/../../../../arm-none-eabi/lib/thumb/v7e-m+fp/hard\libc_nano.a(lib_a-signal.o)
                0x0000000008005434                raise
 .text._kill_r  0x0000000008005444       0x24 c:/st/stm32cubeide_1.6.1/stm32cubeide/plugins/com.st.stm32cube.ide.mcu.externaltools.gnu-tools-for-stm32.10.3-2021.10.win32_1.0.0.202111181127/tools/bin/../lib/gcc/arm-none-eabi/10.3.1/../../../../arm-none-eabi/lib/thumb/v7e-m+fp/hard\libc_nano.a(lib_a-signalr.o)
                0x0000000008005444                _kill_r
 .text._getpid_r
                0x0000000008005468        0x4 c:/st/stm32cubeide_1.6.1/stm32cubeide/plugins/com.st.stm32cube.ide.mcu.externaltools.gnu-tools-for-stm32.10.3-2021.10.win32_1.0.0.202111181127/tools/bin/../lib/gcc/arm-none-eabi/10.3.1/../../../../arm-none-eabi/lib/thumb/v7e-m+fp/hard\libc_nano.a(lib_a-signalr.o)
                0x0000000008005468                _getpid_r
 .text.__malloc_lock
                0x000000000800546c        0xc c:/st/stm32cubeide_1.6.1/stm32cubeide/plugins/com.st.stm32cube.ide.mcu.externaltools.gnu-tools-for-stm32.10.3-2021.10.win32_1.0.0.202111181127/tools/bin/../lib/gcc/arm-none-eabi/10.3.1/../../../../arm-none-eabi/lib/thumb/v7e-m+fp/hard\libc_nano.a(lib_a-mlock.o)
                0x000000000800546c                __malloc_lock
 .text.__malloc_unlock
                0x0000000008005478        0xc c:/st/stm32cubeide_1.6.1/stm32cubeide/plugins/com.st.stm32cube.ide.mcu.externaltools.gnu-tools-for-stm32.10.3-2021.10.win32_1.0.0.202111181127/tools/bin/../lib/gcc/arm-none-eabi/10.3.1/../../../../arm-none-eabi/lib/thumb/v7e-m+fp/hard\libc_nano.a(lib_a-mlock.o)
                0x0000000008005478                __malloc_unlock
 .text.__retarget_lock_acquire_recursive
                0x0000000008005484        0x2 c:/st/stm32cubeide_1.6.1/stm32cubeide/plugins/com.st.stm32cube.ide.mcu.externaltools.gnu-tools-for-stm32.10.3-2021.10.win32_1.0.0.202111181127/tools/bin/../lib/gcc/arm-none-eabi/10.3.1/../../../../arm-none-eabi/lib/thumb/v7e-m+fp/hard\libc_nano.a(lib_a-lock.o)
                0x0000000008005484                __retarget_lock_acquire_recursive
 .text.__retarget_lock_release_recursive
                0x0000000008005486        0x2 c:/st/stm32cubeide_1.6.1/stm32cubeide/plugins/com.st.stm32cube.ide.mcu.externaltools.gnu-tools-for-stm32.10.3-2021.10.win32_1.0.0.202111181127/tools/bin/../lib/gcc/arm-none-eabi/10.3.1/../../../../arm-none-eabi/lib/thumb/v7e-m+fp/hard\libc_nano.a(lib_a-lock.o)
                0x0000000008005486                __retarget_lock_release_recursive
 *(.glue_7)
 .glue_7        0x0000000008005488        0x0 linker stubs
 *(.glue_7t)
 .glue_7t       0x0000000008005488        0x0 linker stubs
 *(.eh_frame)
 .eh_frame      0x0000000008005488        0x0 c:/st/stm32cubeide_1.6.1/stm32cubeide/plugins/com.st.stm32cube.ide.mcu.externaltools.gnu-tools-for-stm32.10.3-2021.10.win32_1.0.0.202111181127/tools/bin/../lib/gcc/arm-none-eabi/10.3.1/thumb/v7e-m+fp/hard/crtbegin.o
 *(.init)
 .init          0x0000000008005488        0x4 c:/st/stm32cubeide_1.6.1/stm32cubeide/plugins/com.st.stm32cube.ide.mcu.externaltools.gnu-tools-for-stm32.10.3-2021.10.win32_1.0.0.202111181127/tools/bin/../lib/gcc/arm-none-eabi/10.3.1/thumb/v7e-m+fp/hard/crti.o
                0x0000000008005488                _init
 .init          0x000000000800548c        0x8 c:/st/stm32cubeide_1.6.1/stm32cubeide/plugins/com.st.stm32cube.ide.mcu.externaltools.gnu-tools-for-stm32.10.3-2021.10.win32_1.0.0.202111181127/tools/bin/../lib/gcc/arm-none-eabi/10.3.1/thumb/v7e-m+fp/hard/crtn.o
 *(.fini)
 .fini          0x0000000008005494        0x4 c:/st/stm32cubeide_1.6.1/stm32cubeide/plugins/com.st.stm32cube.ide.mcu.externaltools.gnu-tools-for-stm32.10.3-2021.10.win32_1.0.0.202111181127/tools/bin/../lib/gcc/arm-none-eabi/10.3.1/thumb/v7e-m+fp/hard/crti.o
                0x0000000008005494                _fini
 .fini          0x0000000008005498        0x8 c:/st/stm32cubeide_1.6.1/stm32cubeide/plugins/com.st.stm32cube.ide.mcu.externaltools.gnu-tools-for-stm32.10.3-2021.10.win32_1.0.0.202111181127/tools/bin/../lib/gcc/arm-none-eabi/10.3.1/thumb/v7e-m+fp/hard/crtn.o
                0x00000000080054a0                . = ALIGN (0x4)
                0x00000000080054a0                _etext = .

.vfp11_veneer   0x00000000080054a0        0x0
 .vfp11_veneer  0x00000000080054a0        0x0 linker stubs

.v4_bx          0x00000000080054a0        0x0
 .v4_bx         0x00000000080054a0        0x0 linker stubs

.iplt           0x00000000080054a0        0x0
 .iplt          0x00000000080054a0        0x0 c:/st/stm32cubeide_1.6.1/stm32cubeide/plugins/com.st.stm32cube.ide.mcu.externaltools.gnu-tools-for-stm32.10.3-2021.10.win32_1.0.0.202111181127/tools/bin/../lib/gcc/arm-none-eabi/10.3.1/thumb/v7e-m+fp/hard/crtbegin.o

.rodata         0x00000000080054a0      0x110
                0x00000000080054a0                . = ALIGN (0x4)
 *(.rodata)
 *(.rodata*)
 .rodata._ZL10PWM_CONFIG
                0x00000000080054a0       0xf0 ./Core/Controls/Src/PWM.o
 .rodata.AHBPrescTable
                0x0000000008005590       0x10 ./Core/Src/system_stm32f4xx.o
                0x0000000008005590                AHBPrescTable
 .rodata.APBPrescTable
                0x00000000080055a0        0x8 ./Core/Src/system_stm32f4xx.o
                0x00000000080055a0                APBPrescTable
 .rodata.flagBitshiftOffset.0
                0x00000000080055a8        0x8 ./Drivers/STM32F4xx_HAL_Driver/Src/stm32f4xx_hal_dma.o
                0x00000000080055b0                . = ALIGN (0x4)

.ARM.extab      0x00000000080055b0        0x0
                0x00000000080055b0                . = ALIGN (0x4)
 *(.ARM.extab* .gnu.linkonce.armextab.*)
                0x00000000080055b0                . = ALIGN (0x4)

.ARM            0x00000000080055b0        0x8
                0x00000000080055b0                . = ALIGN (0x4)
                0x00000000080055b0                __exidx_start = .
 *(.ARM.exidx*)
 .ARM.exidx     0x00000000080055b0        0x8 c:/st/stm32cubeide_1.6.1/stm32cubeide/plugins/com.st.stm32cube.ide.mcu.externaltools.gnu-tools-for-stm32.10.3-2021.10.win32_1.0.0.202111181127/tools/bin/../lib/gcc/arm-none-eabi/10.3.1/thumb/v7e-m+fp/hard\libgcc.a(_udivmoddi4.o)
                0x00000000080055b8                __exidx_end = .
                0x00000000080055b8                . = ALIGN (0x4)

.rel.dyn        0x00000000080055b8        0x0
 .rel.iplt      0x00000000080055b8        0x0 c:/st/stm32cubeide_1.6.1/stm32cubeide/plugins/com.st.stm32cube.ide.mcu.externaltools.gnu-tools-for-stm32.10.3-2021.10.win32_1.0.0.202111181127/tools/bin/../lib/gcc/arm-none-eabi/10.3.1/thumb/v7e-m+fp/hard/crtbegin.o

.preinit_array  0x00000000080055b8        0x0
                0x00000000080055b8                . = ALIGN (0x4)
                0x00000000080055b8                PROVIDE (__preinit_array_start = .)
 *(.preinit_array*)
                0x00000000080055b8                PROVIDE (__preinit_array_end = .)
                0x00000000080055b8                . = ALIGN (0x4)

.init_array     0x00000000080055b8        0x8
                0x00000000080055b8                . = ALIGN (0x4)
                0x00000000080055b8                PROVIDE (__init_array_start = .)
 *(SORT_BY_NAME(.init_array.*))
 *(.init_array*)
 .init_array    0x00000000080055b8        0x4 c:/st/stm32cubeide_1.6.1/stm32cubeide/plugins/com.st.stm32cube.ide.mcu.externaltools.gnu-tools-for-stm32.10.3-2021.10.win32_1.0.0.202111181127/tools/bin/../lib/gcc/arm-none-eabi/10.3.1/thumb/v7e-m+fp/hard/crtbegin.o
 .init_array    0x00000000080055bc        0x4 ./Core/Controls/Src/PWM.o
                0x00000000080055c0                PROVIDE (__init_array_end = .)
                0x00000000080055c0                . = ALIGN (0x4)

.fini_array     0x00000000080055c0        0x4
                0x00000000080055c0                . = ALIGN (0x4)
                [!provide]                        PROVIDE (__fini_array_start = .)
 *(SORT_BY_NAME(.fini_array.*))
 *(.fini_array*)
 .fini_array    0x00000000080055c0        0x4 c:/st/stm32cubeide_1.6.1/stm32cubeide/plugins/com.st.stm32cube.ide.mcu.externaltools.gnu-tools-for-stm32.10.3-2021.10.win32_1.0.0.202111181127/tools/bin/../lib/gcc/arm-none-eabi/10.3.1/thumb/v7e-m+fp/hard/crtbegin.o
                [!provide]                        PROVIDE (__fini_array_end = .)
                0x00000000080055c4                . = ALIGN (0x4)
                0x00000000080055c4                _sidata = LOADADDR (.data)

.data           0x0000000020000000       0x70 load address 0x00000000080055c4
                0x0000000020000000                . = ALIGN (0x4)
                0x0000000020000000                _sdata = .
 *(.data)
 *(.data*)
 .data.SystemCoreClock
                0x0000000020000000        0x4 ./Core/Src/system_stm32f4xx.o
                0x0000000020000000                SystemCoreClock
 .data.uwTickPrio
                0x0000000020000004        0x4 ./Drivers/STM32F4xx_HAL_Driver/Src/stm32f4xx_hal.o
                0x0000000020000004                uwTickPrio
 .data.uwTickFreq
                0x0000000020000008        0x1 ./Drivers/STM32F4xx_HAL_Driver/Src/stm32f4xx_hal.o
                0x0000000020000008                uwTickFreq
 *fill*         0x0000000020000009        0x3 
 .data._impure_ptr
                0x000000002000000c        0x4 c:/st/stm32cubeide_1.6.1/stm32cubeide/plugins/com.st.stm32cube.ide.mcu.externaltools.gnu-tools-for-stm32.10.3-2021.10.win32_1.0.0.202111181127/tools/bin/../lib/gcc/arm-none-eabi/10.3.1/../../../../arm-none-eabi/lib/thumb/v7e-m+fp/hard\libc_nano.a(lib_a-impure.o)
                0x000000002000000c                _impure_ptr
 .data.impure_data
                0x0000000020000010       0x60 c:/st/stm32cubeide_1.6.1/stm32cubeide/plugins/com.st.stm32cube.ide.mcu.externaltools.gnu-tools-for-stm32.10.3-2021.10.win32_1.0.0.202111181127/tools/bin/../lib/gcc/arm-none-eabi/10.3.1/../../../../arm-none-eabi/lib/thumb/v7e-m+fp/hard\libc_nano.a(lib_a-impure.o)
 *(.RamFunc)
 *(.RamFunc*)
                0x0000000020000070                . = ALIGN (0x4)
                0x0000000020000070                _edata = .

.igot.plt       0x0000000020000070        0x0 load address 0x0000000008005634
 .igot.plt      0x0000000020000070        0x0 c:/st/stm32cubeide_1.6.1/stm32cubeide/plugins/com.st.stm32cube.ide.mcu.externaltools.gnu-tools-for-stm32.10.3-2021.10.win32_1.0.0.202111181127/tools/bin/../lib/gcc/arm-none-eabi/10.3.1/thumb/v7e-m+fp/hard/crtbegin.o
                0x0000000020000070                . = ALIGN (0x4)

.bss            0x0000000020000070      0x610 load address 0x0000000008005634
                0x0000000020000070                _sbss = .
                0x0000000020000070                __bss_start__ = _sbss
 *(.bss)
 .bss           0x0000000020000070       0x1c c:/st/stm32cubeide_1.6.1/stm32cubeide/plugins/com.st.stm32cube.ide.mcu.externaltools.gnu-tools-for-stm32.10.3-2021.10.win32_1.0.0.202111181127/tools/bin/../lib/gcc/arm-none-eabi/10.3.1/thumb/v7e-m+fp/hard/crtbegin.o
 *(.bss*)
 .bss.DSHOT_TIM
                0x000000002000008c       0x48 ./Core/Controls/Src/PWM.o
                0x000000002000008c                DSHOT_TIM
 .bss._ZL15DMAMotorBuffer1
                0x00000000200000d4       0x48 ./Core/Controls/Src/PWM.o
 .bss._ZL15DMAMotorBuffer2
                0x000000002000011c       0x48 ./Core/Controls/Src/PWM.o
 .bss._ZL15DMAMotorBuffer3
                0x0000000020000164       0x48 ./Core/Controls/Src/PWM.o
 .bss._ZL15DMAMotorBuffer4
                0x00000000200001ac       0x48 ./Core/Controls/Src/PWM.o
 .bss.hadc1     0x00000000200001f4       0x48 ./Core/Src/adc.o
                0x00000000200001f4                hadc1
 .bss.hi2c1     0x000000002000023c       0x54 ./Core/Src/i2c.o
                0x000000002000023c                hi2c1
 .bss.hspi2     0x0000000020000290       0x58 ./Core/Src/spi.o
                0x0000000020000290                hspi2
 .bss.hspi3     0x00000000200002e8       0x58 ./Core/Src/spi.o
                0x00000000200002e8                hspi3
 .bss.__sbrk_heap_end
                0x0000000020000340        0x4 ./Core/Src/sysmem.o
 .bss.htim1     0x0000000020000344       0x48 ./Core/Src/tim.o
                0x0000000020000344                htim1
 .bss.htim2     0x000000002000038c       0x48 ./Core/Src/tim.o
                0x000000002000038c                htim2
 .bss.htim3     0x00000000200003d4       0x48 ./Core/Src/tim.o
                0x00000000200003d4                htim3
 .bss.hdma_tim1_ch1
                0x000000002000041c       0x60 ./Core/Src/tim.o
                0x000000002000041c                hdma_tim1_ch1
 .bss.hdma_tim1_ch2
                0x000000002000047c       0x60 ./Core/Src/tim.o
                0x000000002000047c                hdma_tim1_ch2
 .bss.hdma_tim1_ch3
                0x00000000200004dc       0x60 ./Core/Src/tim.o
                0x00000000200004dc                hdma_tim1_ch3
 .bss.hdma_tim1_ch4_trig_com
                0x000000002000053c       0x60 ./Core/Src/tim.o
                0x000000002000053c                hdma_tim1_ch4_trig_com
 .bss.huart1    0x000000002000059c       0x44 ./Core/Src/usart.o
                0x000000002000059c                huart1
 .bss.huart2    0x00000000200005e0       0x44 ./Core/Src/usart.o
                0x00000000200005e0                huart2
 .bss.huart6    0x0000000020000624       0x44 ./Core/Src/usart.o
                0x0000000020000624                huart6
 .bss.uwTick    0x0000000020000668        0x4 ./Drivers/STM32F4xx_HAL_Driver/Src/stm32f4xx_hal.o
                0x0000000020000668                uwTick
 .bss._ZN12_GLOBAL__N_113__new_handlerE
                0x000000002000066c        0x4 c:/st/stm32cubeide_1.6.1/stm32cubeide/plugins/com.st.stm32cube.ide.mcu.externaltools.gnu-tools-for-stm32.10.3-2021.10.win32_1.0.0.202111181127/tools/bin/../lib/gcc/arm-none-eabi/10.3.1/../../../../arm-none-eabi/lib/thumb/v7e-m+fp/hard\libstdc++_nano.a(new_handler.o)
 .bss.__malloc_free_list
                0x0000000020000670        0x4 c:/st/stm32cubeide_1.6.1/stm32cubeide/plugins/com.st.stm32cube.ide.mcu.externaltools.gnu-tools-for-stm32.10.3-2021.10.win32_1.0.0.202111181127/tools/bin/../lib/gcc/arm-none-eabi/10.3.1/../../../../arm-none-eabi/lib/thumb/v7e-m+fp/hard\libc_nano.a(lib_a-nano-mallocr.o)
                0x0000000020000670                __malloc_free_list
 .bss.__malloc_sbrk_start
                0x0000000020000674        0x4 c:/st/stm32cubeide_1.6.1/stm32cubeide/plugins/com.st.stm32cube.ide.mcu.externaltools.gnu-tools-for-stm32.10.3-2021.10.win32_1.0.0.202111181127/tools/bin/../lib/gcc/arm-none-eabi/10.3.1/../../../../arm-none-eabi/lib/thumb/v7e-m+fp/hard\libc_nano.a(lib_a-nano-mallocr.o)
                0x0000000020000674                __malloc_sbrk_start
 .bss.errno     0x0000000020000678        0x4 c:/st/stm32cubeide_1.6.1/stm32cubeide/plugins/com.st.stm32cube.ide.mcu.externaltools.gnu-tools-for-stm32.10.3-2021.10.win32_1.0.0.202111181127/tools/bin/../lib/gcc/arm-none-eabi/10.3.1/../../../../arm-none-eabi/lib/thumb/v7e-m+fp/hard\libc_nano.a(lib_a-reent.o)
                0x0000000020000678                errno
 .bss.__lock___malloc_recursive_mutex
                0x000000002000067c        0x1 c:/st/stm32cubeide_1.6.1/stm32cubeide/plugins/com.st.stm32cube.ide.mcu.externaltools.gnu-tools-for-stm32.10.3-2021.10.win32_1.0.0.202111181127/tools/bin/../lib/gcc/arm-none-eabi/10.3.1/../../../../arm-none-eabi/lib/thumb/v7e-m+fp/hard\libc_nano.a(lib_a-lock.o)
                0x000000002000067c                __lock___malloc_recursive_mutex
 *(COMMON)
                0x0000000020000680                . = ALIGN (0x4)
 *fill*         0x000000002000067d        0x3 
                0x0000000020000680                _ebss = .
                0x0000000020000680                __bss_end__ = _ebss

._user_heap_stack
                0x0000000020000680      0x600 load address 0x0000000008005634
                0x0000000020000680                . = ALIGN (0x8)
                [!provide]                        PROVIDE (end = .)
                0x0000000020000680                PROVIDE (_end = .)
                0x0000000020000880                . = (. + _Min_Heap_Size)
 *fill*         0x0000000020000680      0x200 
                0x0000000020000c80                . = (. + _Min_Stack_Size)
 *fill*         0x0000000020000880      0x400 
                0x0000000020000c80                . = ALIGN (0x8)

/DISCARD/
 libc.a(*)
 libm.a(*)
 libgcc.a(*)

.ARM.attributes
                0x0000000000000000       0x30
 *(.ARM.attributes)
 .ARM.attributes
                0x0000000000000000       0x1e c:/st/stm32cubeide_1.6.1/stm32cubeide/plugins/com.st.stm32cube.ide.mcu.externaltools.gnu-tools-for-stm32.10.3-2021.10.win32_1.0.0.202111181127/tools/bin/../lib/gcc/arm-none-eabi/10.3.1/thumb/v7e-m+fp/hard/crti.o
 .ARM.attributes
                0x000000000000001e       0x34 c:/st/stm32cubeide_1.6.1/stm32cubeide/plugins/com.st.stm32cube.ide.mcu.externaltools.gnu-tools-for-stm32.10.3-2021.10.win32_1.0.0.202111181127/tools/bin/../lib/gcc/arm-none-eabi/10.3.1/thumb/v7e-m+fp/hard/crtbegin.o
 .ARM.attributes
                0x0000000000000052       0x34 ./Core/Controls/Src/PWM.o
 .ARM.attributes
                0x0000000000000086       0x34 ./Core/Controls/Src/safety_controller.o
 .ARM.attributes
                0x00000000000000ba       0x34 ./Core/Src/adc.o
 .ARM.attributes
                0x00000000000000ee       0x34 ./Core/Src/dma.o
 .ARM.attributes
                0x0000000000000122       0x34 ./Core/Src/gpio.o
 .ARM.attributes
                0x0000000000000156       0x34 ./Core/Src/i2c.o
 .ARM.attributes
                0x000000000000018a       0x34 ./Core/Src/main.o
 .ARM.attributes
                0x00000000000001be       0x34 ./Core/Src/spi.o
 .ARM.attributes
                0x00000000000001f2       0x34 ./Core/Src/stm32f4xx_hal_msp.o
 .ARM.attributes
                0x0000000000000226       0x34 ./Core/Src/stm32f4xx_it.o
 .ARM.attributes
                0x000000000000025a       0x34 ./Core/Src/syscalls.o
 .ARM.attributes
                0x000000000000028e       0x34 ./Core/Src/sysmem.o
 .ARM.attributes
                0x00000000000002c2       0x34 ./Core/Src/system_stm32f4xx.o
 .ARM.attributes
                0x00000000000002f6       0x34 ./Core/Src/tim.o
 .ARM.attributes
                0x000000000000032a       0x34 ./Core/Src/usart.o
 .ARM.attributes
                0x000000000000035e       0x21 ./Core/Startup/startup_stm32f401retx.o
 .ARM.attributes
                0x000000000000037f       0x34 ./Drivers/STM32F4xx_HAL_Driver/Src/stm32f4xx_hal.o
 .ARM.attributes
                0x00000000000003b3       0x34 ./Drivers/STM32F4xx_HAL_Driver/Src/stm32f4xx_hal_adc.o
 .ARM.attributes
                0x00000000000003e7       0x34 ./Drivers/STM32F4xx_HAL_Driver/Src/stm32f4xx_hal_cortex.o
 .ARM.attributes
                0x000000000000041b       0x34 ./Drivers/STM32F4xx_HAL_Driver/Src/stm32f4xx_hal_dma.o
 .ARM.attributes
                0x000000000000044f       0x34 ./Drivers/STM32F4xx_HAL_Driver/Src/stm32f4xx_hal_gpio.o
 .ARM.attributes
                0x0000000000000483       0x34 ./Drivers/STM32F4xx_HAL_Driver/Src/stm32f4xx_hal_i2c.o
 .ARM.attributes
                0x00000000000004b7       0x34 ./Drivers/STM32F4xx_HAL_Driver/Src/stm32f4xx_hal_rcc.o
 .ARM.attributes
                0x00000000000004eb       0x34 ./Drivers/STM32F4xx_HAL_Driver/Src/stm32f4xx_hal_spi.o
 .ARM.attributes
                0x000000000000051f       0x34 ./Drivers/STM32F4xx_HAL_Driver/Src/stm32f4xx_hal_tim.o
 .ARM.attributes
                0x0000000000000553       0x34 ./Drivers/STM32F4xx_HAL_Driver/Src/stm32f4xx_hal_tim_ex.o
 .ARM.attributes
                0x0000000000000587       0x34 ./Drivers/STM32F4xx_HAL_Driver/Src/stm32f4xx_hal_uart.o
 .ARM.attributes
                0x00000000000005bb       0x34 c:/st/stm32cubeide_1.6.1/stm32cubeide/plugins/com.st.stm32cube.ide.mcu.externaltools.gnu-tools-for-stm32.10.3-2021.10.win32_1.0.0.202111181127/tools/bin/../lib/gcc/arm-none-eabi/10.3.1/../../../../arm-none-eabi/lib/thumb/v7e-m+fp/hard\libstdc++_nano.a(new_op.o)
 .ARM.attributes
                0x00000000000005ef       0x34 c:/st/stm32cubeide_1.6.1/stm32cubeide/plugins/com.st.stm32cube.ide.mcu.externaltools.gnu-tools-for-stm32.10.3-2021.10.win32_1.0.0.202111181127/tools/bin/../lib/gcc/arm-none-eabi/10.3.1/../../../../arm-none-eabi/lib/thumb/v7e-m+fp/hard\libstdc++_nano.a(new_handler.o)
 .ARM.attributes
                0x0000000000000623       0x34 c:/st/stm32cubeide_1.6.1/stm32cubeide/plugins/com.st.stm32cube.ide.mcu.externaltools.gnu-tools-for-stm32.10.3-2021.10.win32_1.0.0.202111181127/tools/bin/../lib/gcc/arm-none-eabi/10.3.1/../../../../arm-none-eabi/lib/thumb/v7e-m+fp/hard\libc_nano.a(lib_a-abort.o)
 .ARM.attributes
                0x0000000000000657       0x34 c:/st/stm32cubeide_1.6.1/stm32cubeide/plugins/com.st.stm32cube.ide.mcu.externaltools.gnu-tools-for-stm32.10.3-2021.10.win32_1.0.0.202111181127/tools/bin/../lib/gcc/arm-none-eabi/10.3.1/../../../../arm-none-eabi/lib/thumb/v7e-m+fp/hard\libc_nano.a(lib_a-errno.o)
 .ARM.attributes
                0x000000000000068b       0x34 c:/st/stm32cubeide_1.6.1/stm32cubeide/plugins/com.st.stm32cube.ide.mcu.externaltools.gnu-tools-for-stm32.10.3-2021.10.win32_1.0.0.202111181127/tools/bin/../lib/gcc/arm-none-eabi/10.3.1/../../../../arm-none-eabi/lib/thumb/v7e-m+fp/hard\libc_nano.a(lib_a-impure.o)
 .ARM.attributes
                0x00000000000006bf       0x34 c:/st/stm32cubeide_1.6.1/stm32cubeide/plugins/com.st.stm32cube.ide.mcu.externaltools.gnu-tools-for-stm32.10.3-2021.10.win32_1.0.0.202111181127/tools/bin/../lib/gcc/arm-none-eabi/10.3.1/../../../../arm-none-eabi/lib/thumb/v7e-m+fp/hard\libc_nano.a(lib_a-init.o)
 .ARM.attributes
                0x00000000000006f3       0x34 c:/st/stm32cubeide_1.6.1/stm32cubeide/plugins/com.st.stm32cube.ide.mcu.externaltools.gnu-tools-for-stm32.10.3-2021.10.win32_1.0.0.202111181127/tools/bin/../lib/gcc/arm-none-eabi/10.3.1/../../../../arm-none-eabi/lib/thumb/v7e-m+fp/hard\libc_nano.a(lib_a-malloc.o)
 .ARM.attributes
                0x0000000000000727       0x34 c:/st/stm32cubeide_1.6.1/stm32cubeide/plugins/com.st.stm32cube.ide.mcu.externaltools.gnu-tools-for-stm32.10.3-2021.10.win32_1.0.0.202111181127/tools/bin/../lib/gcc/arm-none-eabi/10.3.1/../../../../arm-none-eabi/lib/thumb/v7e-m+fp/hard\libc_nano.a(lib_a-memcpy-stub.o)
 .ARM.attributes
                0x000000000000075b       0x34 c:/st/stm32cubeide_1.6.1/stm32cubeide/plugins/com.st.stm32cube.ide.mcu.externaltools.gnu-tools-for-stm32.10.3-2021.10.win32_1.0.0.202111181127/tools/bin/../lib/gcc/arm-none-eabi/10.3.1/../../../../arm-none-eabi/lib/thumb/v7e-m+fp/hard\libc_nano.a(lib_a-memset.o)
 .ARM.attributes
                0x000000000000078f       0x34 c:/st/stm32cubeide_1.6.1/stm32cubeide/plugins/com.st.stm32cube.ide.mcu.externaltools.gnu-tools-for-stm32.10.3-2021.10.win32_1.0.0.202111181127/tools/bin/../lib/gcc/arm-none-eabi/10.3.1/../../../../arm-none-eabi/lib/thumb/v7e-m+fp/hard\libc_nano.a(lib_a-nano-mallocr.o)
 .ARM.attributes
                0x00000000000007c3       0x34 c:/st/stm32cubeide_1.6.1/stm32cubeide/plugins/com.st.stm32cube.ide.mcu.externaltools.gnu-tools-for-stm32.10.3-2021.10.win32_1.0.0.202111181127/tools/bin/../lib/gcc/arm-none-eabi/10.3.1/../../../../arm-none-eabi/lib/thumb/v7e-m+fp/hard\libc_nano.a(lib_a-sbrkr.o)
 .ARM.attributes
                0x00000000000007f7       0x34 c:/st/stm32cubeide_1.6.1/stm32cubeide/plugins/com.st.stm32cube.ide.mcu.externaltools.gnu-tools-for-stm32.10.3-2021.10.win32_1.0.0.202111181127/tools/bin/../lib/gcc/arm-none-eabi/10.3.1/../../../../arm-none-eabi/lib/thumb/v7e-m+fp/hard\libc_nano.a(lib_a-signal.o)
 .ARM.attributes
                0x000000000000082b       0x34 c:/st/stm32cubeide_1.6.1/stm32cubeide/plugins/com.st.stm32cube.ide.mcu.externaltools.gnu-tools-for-stm32.10.3-2021.10.win32_1.0.0.202111181127/tools/bin/../lib/gcc/arm-none-eabi/10.3.1/../../../../arm-none-eabi/lib/thumb/v7e-m+fp/hard\libc_nano.a(lib_a-signalr.o)
 .ARM.attributes
                0x000000000000085f       0x34 c:/st/stm32cubeide_1.6.1/stm32cubeide/plugins/com.st.stm32cube.ide.mcu.externaltools.gnu-tools-for-stm32.10.3-2021.10.win32_1.0.0.202111181127/tools/bin/../lib/gcc/arm-none-eabi/10.3.1/../../../../arm-none-eabi/lib/thumb/v7e-m+fp/hard\libc_nano.a(lib_a-mlock.o)
 .ARM.attributes
                0x0000000000000893       0x34 c:/st/stm32cubeide_1.6.1/stm32cubeide/plugins/com.st.stm32cube.ide.mcu.externaltools.gnu-tools-for-stm32.10.3-2021.10.win32_1.0.0.202111181127/tools/bin/../lib/gcc/arm-none-eabi/10.3.1/../../../../arm-none-eabi/lib/thumb/v7e-m+fp/hard\libc_nano.a(lib_a-reent.o)
 .ARM.attributes
                0x00000000000008c7       0x34 c:/st/stm32cubeide_1.6.1/stm32cubeide/plugins/com.st.stm32cube.ide.mcu.externaltools.gnu-tools-for-stm32.10.3-2021.10.win32_1.0.0.202111181127/tools/bin/../lib/gcc/arm-none-eabi/10.3.1/../../../../arm-none-eabi/lib/thumb/v7e-m+fp/hard\libc_nano.a(lib_a-lock.o)
 .ARM.attributes
                0x00000000000008fb       0x1e c:/st/stm32cubeide_1.6.1/stm32cubeide/plugins/com.st.stm32cube.ide.mcu.externaltools.gnu-tools-for-stm32.10.3-2021.10.win32_1.0.0.202111181127/tools/bin/../lib/gcc/arm-none-eabi/10.3.1/thumb/v7e-m+fp/hard\libgcc.a(_aeabi_uldivmod.o)
 .ARM.attributes
                0x0000000000000919       0x34 c:/st/stm32cubeide_1.6.1/stm32cubeide/plugins/com.st.stm32cube.ide.mcu.externaltools.gnu-tools-for-stm32.10.3-2021.10.win32_1.0.0.202111181127/tools/bin/../lib/gcc/arm-none-eabi/10.3.1/thumb/v7e-m+fp/hard\libgcc.a(_udivmoddi4.o)
 .ARM.attributes
                0x000000000000094d       0x1e c:/st/stm32cubeide_1.6.1/stm32cubeide/plugins/com.st.stm32cube.ide.mcu.externaltools.gnu-tools-for-stm32.10.3-2021.10.win32_1.0.0.202111181127/tools/bin/../lib/gcc/arm-none-eabi/10.3.1/thumb/v7e-m+fp/hard\libgcc.a(_dvmd_tls.o)
 .ARM.attributes
                0x000000000000096b       0x1e c:/st/stm32cubeide_1.6.1/stm32cubeide/plugins/com.st.stm32cube.ide.mcu.externaltools.gnu-tools-for-stm32.10.3-2021.10.win32_1.0.0.202111181127/tools/bin/../lib/gcc/arm-none-eabi/10.3.1/thumb/v7e-m+fp/hard/crtn.o
OUTPUT(ZP_F4.elf elf32-littlearm)
LOAD linker stubs
LOAD c:/st/stm32cubeide_1.6.1/stm32cubeide/plugins/com.st.stm32cube.ide.mcu.externaltools.gnu-tools-for-stm32.10.3-2021.10.win32_1.0.0.202111181127/tools/bin/../lib/gcc/arm-none-eabi/10.3.1/../../../../arm-none-eabi/lib/thumb/v7e-m+fp/hard\libc.a
LOAD c:/st/stm32cubeide_1.6.1/stm32cubeide/plugins/com.st.stm32cube.ide.mcu.externaltools.gnu-tools-for-stm32.10.3-2021.10.win32_1.0.0.202111181127/tools/bin/../lib/gcc/arm-none-eabi/10.3.1/../../../../arm-none-eabi/lib/thumb/v7e-m+fp/hard\libm.a
LOAD c:/st/stm32cubeide_1.6.1/stm32cubeide/plugins/com.st.stm32cube.ide.mcu.externaltools.gnu-tools-for-stm32.10.3-2021.10.win32_1.0.0.202111181127/tools/bin/../lib/gcc/arm-none-eabi/10.3.1/thumb/v7e-m+fp/hard\libgcc.a

.debug_info     0x0000000000000000    0x16480
 .debug_info    0x0000000000000000      0xe88 ./Core/Controls/Src/PWM.o
 .debug_info    0x0000000000000e88      0x9ce ./Core/Controls/Src/safety_controller.o
 .debug_info    0x0000000000001856      0xa4d ./Core/Src/adc.o
 .debug_info    0x00000000000022a3      0x482 ./Core/Src/dma.o
 .debug_info    0x0000000000002725      0x49d ./Core/Src/gpio.o
 .debug_info    0x0000000000002bc2      0xa40 ./Core/Src/i2c.o
 .debug_info    0x0000000000003602      0x5c1 ./Core/Src/main.o
 .debug_info    0x0000000000003bc3      0xa92 ./Core/Src/spi.o
 .debug_info    0x0000000000004655      0x2e7 ./Core/Src/stm32f4xx_hal_msp.o
 .debug_info    0x000000000000493c      0x43e ./Core/Src/stm32f4xx_it.o
 .debug_info    0x0000000000004d7a      0x6e0 ./Core/Src/syscalls.o
 .debug_info    0x000000000000545a      0x171 ./Core/Src/sysmem.o
 .debug_info    0x00000000000055cb      0x54f ./Core/Src/system_stm32f4xx.o
 .debug_info    0x0000000000005b1a      0xfbf ./Core/Src/tim.o
 .debug_info    0x0000000000006ad9      0xa90 ./Core/Src/usart.o
 .debug_info    0x0000000000007569       0x22 ./Core/Startup/startup_stm32f401retx.o
 .debug_info    0x000000000000758b      0x906 ./Drivers/STM32F4xx_HAL_Driver/Src/stm32f4xx_hal.o
 .debug_info    0x0000000000007e91      0xd68 ./Drivers/STM32F4xx_HAL_Driver/Src/stm32f4xx_hal_adc.o
 .debug_info    0x0000000000008bf9      0xd85 ./Drivers/STM32F4xx_HAL_Driver/Src/stm32f4xx_hal_cortex.o
 .debug_info    0x000000000000997e      0x947 ./Drivers/STM32F4xx_HAL_Driver/Src/stm32f4xx_hal_dma.o
 .debug_info    0x000000000000a2c5      0x78e ./Drivers/STM32F4xx_HAL_Driver/Src/stm32f4xx_hal_gpio.o
 .debug_info    0x000000000000aa53     0x260f ./Drivers/STM32F4xx_HAL_Driver/Src/stm32f4xx_hal_i2c.o
 .debug_info    0x000000000000d062      0x98c ./Drivers/STM32F4xx_HAL_Driver/Src/stm32f4xx_hal_rcc.o
 .debug_info    0x000000000000d9ee     0x1750 ./Drivers/STM32F4xx_HAL_Driver/Src/stm32f4xx_hal_spi.o
 .debug_info    0x000000000000f13e     0x2bb6 ./Drivers/STM32F4xx_HAL_Driver/Src/stm32f4xx_hal_tim.o
 .debug_info    0x0000000000011cf4     0x15d8 ./Drivers/STM32F4xx_HAL_Driver/Src/stm32f4xx_hal_tim_ex.o
 .debug_info    0x00000000000132cc     0x31b4 ./Drivers/STM32F4xx_HAL_Driver/Src/stm32f4xx_hal_uart.o

.debug_abbrev   0x0000000000000000     0x3414
 .debug_abbrev  0x0000000000000000      0x344 ./Core/Controls/Src/PWM.o
 .debug_abbrev  0x0000000000000344      0x23f ./Core/Controls/Src/safety_controller.o
 .debug_abbrev  0x0000000000000583      0x1e0 ./Core/Src/adc.o
 .debug_abbrev  0x0000000000000763      0x10a ./Core/Src/dma.o
 .debug_abbrev  0x000000000000086d      0x146 ./Core/Src/gpio.o
 .debug_abbrev  0x00000000000009b3      0x1e0 ./Core/Src/i2c.o
 .debug_abbrev  0x0000000000000b93      0x1e0 ./Core/Src/main.o
 .debug_abbrev  0x0000000000000d73      0x1e0 ./Core/Src/spi.o
 .debug_abbrev  0x0000000000000f53       0xf0 ./Core/Src/stm32f4xx_hal_msp.o
 .debug_abbrev  0x0000000000001043      0x130 ./Core/Src/stm32f4xx_it.o
 .debug_abbrev  0x0000000000001173      0x1b3 ./Core/Src/syscalls.o
 .debug_abbrev  0x0000000000001326       0xbb ./Core/Src/sysmem.o
 .debug_abbrev  0x00000000000013e1      0x116 ./Core/Src/system_stm32f4xx.o
 .debug_abbrev  0x00000000000014f7      0x244 ./Core/Src/tim.o
 .debug_abbrev  0x000000000000173b      0x1e7 ./Core/Src/usart.o
 .debug_abbrev  0x0000000000001922       0x12 ./Core/Startup/startup_stm32f401retx.o
 .debug_abbrev  0x0000000000001934      0x23e ./Drivers/STM32F4xx_HAL_Driver/Src/stm32f4xx_hal.o
 .debug_abbrev  0x0000000000001b72      0x204 ./Drivers/STM32F4xx_HAL_Driver/Src/stm32f4xx_hal_adc.o
 .debug_abbrev  0x0000000000001d76      0x316 ./Drivers/STM32F4xx_HAL_Driver/Src/stm32f4xx_hal_cortex.o
 .debug_abbrev  0x000000000000208c      0x21b ./Drivers/STM32F4xx_HAL_Driver/Src/stm32f4xx_hal_dma.o
 .debug_abbrev  0x00000000000022a7      0x1c4 ./Drivers/STM32F4xx_HAL_Driver/Src/stm32f4xx_hal_gpio.o
 .debug_abbrev  0x000000000000246b      0x2a8 ./Drivers/STM32F4xx_HAL_Driver/Src/stm32f4xx_hal_i2c.o
 .debug_abbrev  0x0000000000002713      0x2aa ./Drivers/STM32F4xx_HAL_Driver/Src/stm32f4xx_hal_rcc.o
 .debug_abbrev  0x00000000000029bd      0x26e ./Drivers/STM32F4xx_HAL_Driver/Src/stm32f4xx_hal_spi.o
 .debug_abbrev  0x0000000000002c2b      0x26e ./Drivers/STM32F4xx_HAL_Driver/Src/stm32f4xx_hal_tim.o
 .debug_abbrev  0x0000000000002e99      0x276 ./Drivers/STM32F4xx_HAL_Driver/Src/stm32f4xx_hal_tim_ex.o
 .debug_abbrev  0x000000000000310f      0x305 ./Drivers/STM32F4xx_HAL_Driver/Src/stm32f4xx_hal_uart.o

.debug_aranges  0x0000000000000000     0x13c8
 .debug_aranges
                0x0000000000000000       0x58 ./Core/Controls/Src/PWM.o
 .debug_aranges
                0x0000000000000058       0x20 ./Core/Controls/Src/safety_controller.o
 .debug_aranges
                0x0000000000000078       0x30 ./Core/Src/adc.o
 .debug_aranges
                0x00000000000000a8       0x20 ./Core/Src/dma.o
 .debug_aranges
                0x00000000000000c8       0x20 ./Core/Src/gpio.o
 .debug_aranges
                0x00000000000000e8       0x30 ./Core/Src/i2c.o
 .debug_aranges
                0x0000000000000118       0x30 ./Core/Src/main.o
 .debug_aranges
                0x0000000000000148       0x38 ./Core/Src/spi.o
 .debug_aranges
                0x0000000000000180       0x20 ./Core/Src/stm32f4xx_hal_msp.o
 .debug_aranges
                0x00000000000001a0       0x80 ./Core/Src/stm32f4xx_it.o
 .debug_aranges
                0x0000000000000220       0xa8 ./Core/Src/syscalls.o
 .debug_aranges
                0x00000000000002c8       0x20 ./Core/Src/sysmem.o
 .debug_aranges
                0x00000000000002e8       0x28 ./Core/Src/system_stm32f4xx.o
 .debug_aranges
                0x0000000000000310       0x48 ./Core/Src/tim.o
 .debug_aranges
                0x0000000000000358       0x40 ./Core/Src/usart.o
 .debug_aranges
                0x0000000000000398       0x28 ./Core/Startup/startup_stm32f401retx.o
 .debug_aranges
                0x00000000000003c0       0xf0 ./Drivers/STM32F4xx_HAL_Driver/Src/stm32f4xx_hal.o
 .debug_aranges
                0x00000000000004b0       0xe8 ./Drivers/STM32F4xx_HAL_Driver/Src/stm32f4xx_hal_adc.o
 .debug_aranges
                0x0000000000000598      0x118 ./Drivers/STM32F4xx_HAL_Driver/Src/stm32f4xx_hal_cortex.o
 .debug_aranges
                0x00000000000006b0       0x90 ./Drivers/STM32F4xx_HAL_Driver/Src/stm32f4xx_hal_dma.o
 .debug_aranges
                0x0000000000000740       0x58 ./Drivers/STM32F4xx_HAL_Driver/Src/stm32f4xx_hal_gpio.o
 .debug_aranges
                0x0000000000000798      0x2a0 ./Drivers/STM32F4xx_HAL_Driver/Src/stm32f4xx_hal_i2c.o
 .debug_aranges
                0x0000000000000a38       0x88 ./Drivers/STM32F4xx_HAL_Driver/Src/stm32f4xx_hal_rcc.o
 .debug_aranges
                0x0000000000000ac0      0x1d0 ./Drivers/STM32F4xx_HAL_Driver/Src/stm32f4xx_hal_spi.o
 .debug_aranges
                0x0000000000000c90      0x3d0 ./Drivers/STM32F4xx_HAL_Driver/Src/stm32f4xx_hal_tim.o
 .debug_aranges
                0x0000000000001060      0x168 ./Drivers/STM32F4xx_HAL_Driver/Src/stm32f4xx_hal_tim_ex.o
 .debug_aranges
                0x00000000000011c8      0x200 ./Drivers/STM32F4xx_HAL_Driver/Src/stm32f4xx_hal_uart.o

.debug_ranges   0x0000000000000000     0x1290
 .debug_ranges  0x0000000000000000       0x70 ./Core/Controls/Src/PWM.o
 .debug_ranges  0x0000000000000070       0x10 ./Core/Controls/Src/safety_controller.o
 .debug_ranges  0x0000000000000080       0x20 ./Core/Src/adc.o
 .debug_ranges  0x00000000000000a0       0x10 ./Core/Src/dma.o
 .debug_ranges  0x00000000000000b0       0x10 ./Core/Src/gpio.o
 .debug_ranges  0x00000000000000c0       0x20 ./Core/Src/i2c.o
 .debug_ranges  0x00000000000000e0       0x20 ./Core/Src/main.o
 .debug_ranges  0x0000000000000100       0x28 ./Core/Src/spi.o
 .debug_ranges  0x0000000000000128       0x10 ./Core/Src/stm32f4xx_hal_msp.o
 .debug_ranges  0x0000000000000138       0x70 ./Core/Src/stm32f4xx_it.o
 .debug_ranges  0x00000000000001a8       0x98 ./Core/Src/syscalls.o
 .debug_ranges  0x0000000000000240       0x10 ./Core/Src/sysmem.o
 .debug_ranges  0x0000000000000250       0x18 ./Core/Src/system_stm32f4xx.o
 .debug_ranges  0x0000000000000268       0x38 ./Core/Src/tim.o
 .debug_ranges  0x00000000000002a0       0x30 ./Core/Src/usart.o
 .debug_ranges  0x00000000000002d0       0x20 ./Core/Startup/startup_stm32f401retx.o
 .debug_ranges  0x00000000000002f0       0xe0 ./Drivers/STM32F4xx_HAL_Driver/Src/stm32f4xx_hal.o
 .debug_ranges  0x00000000000003d0       0xd8 ./Drivers/STM32F4xx_HAL_Driver/Src/stm32f4xx_hal_adc.o
 .debug_ranges  0x00000000000004a8      0x108 ./Drivers/STM32F4xx_HAL_Driver/Src/stm32f4xx_hal_cortex.o
 .debug_ranges  0x00000000000005b0       0x80 ./Drivers/STM32F4xx_HAL_Driver/Src/stm32f4xx_hal_dma.o
 .debug_ranges  0x0000000000000630       0x48 ./Drivers/STM32F4xx_HAL_Driver/Src/stm32f4xx_hal_gpio.o
 .debug_ranges  0x0000000000000678      0x2a8 ./Drivers/STM32F4xx_HAL_Driver/Src/stm32f4xx_hal_i2c.o
 .debug_ranges  0x0000000000000920       0x78 ./Drivers/STM32F4xx_HAL_Driver/Src/stm32f4xx_hal_rcc.o
 .debug_ranges  0x0000000000000998      0x1c0 ./Drivers/STM32F4xx_HAL_Driver/Src/stm32f4xx_hal_spi.o
 .debug_ranges  0x0000000000000b58      0x3c0 ./Drivers/STM32F4xx_HAL_Driver/Src/stm32f4xx_hal_tim.o
 .debug_ranges  0x0000000000000f18      0x158 ./Drivers/STM32F4xx_HAL_Driver/Src/stm32f4xx_hal_tim_ex.o
 .debug_ranges  0x0000000000001070      0x220 ./Drivers/STM32F4xx_HAL_Driver/Src/stm32f4xx_hal_uart.o

.debug_macro    0x0000000000000000    0x1c182
 .debug_macro   0x0000000000000000      0x252 ./Core/Controls/Src/PWM.o
 .debug_macro   0x0000000000000252      0xb50 ./Core/Controls/Src/PWM.o
 .debug_macro   0x0000000000000da2       0x1c ./Core/Controls/Src/PWM.o
 .debug_macro   0x0000000000000dbe       0x22 ./Core/Controls/Src/PWM.o
 .debug_macro   0x0000000000000de0       0x8e ./Core/Controls/Src/PWM.o
 .debug_macro   0x0000000000000e6e       0x51 ./Core/Controls/Src/PWM.o
 .debug_macro   0x0000000000000ebf      0x103 ./Core/Controls/Src/PWM.o
 .debug_macro   0x0000000000000fc2       0x6a ./Core/Controls/Src/PWM.o
 .debug_macro   0x000000000000102c      0x1df ./Core/Controls/Src/PWM.o
 .debug_macro   0x000000000000120b      0x2ad ./Core/Controls/Src/PWM.o
 .debug_macro   0x00000000000014b8       0x2e ./Core/Controls/Src/PWM.o
 .debug_macro   0x00000000000014e6       0x28 ./Core/Controls/Src/PWM.o
 .debug_macro   0x000000000000150e       0x1c ./Core/Controls/Src/PWM.o
 .debug_macro   0x000000000000152a       0x22 ./Core/Controls/Src/PWM.o
 .debug_macro   0x000000000000154c       0xd9 ./Core/Controls/Src/PWM.o
 .debug_macro   0x0000000000001625     0x102d ./Core/Controls/Src/PWM.o
 .debug_macro   0x0000000000002652      0x11f ./Core/Controls/Src/PWM.o
 .debug_macro   0x0000000000002771     0xb86c ./Core/Controls/Src/PWM.o
 .debug_macro   0x000000000000dfdd       0x6d ./Core/Controls/Src/PWM.o
 .debug_macro   0x000000000000e04a     0x367e ./Core/Controls/Src/PWM.o
 .debug_macro   0x00000000000116c8      0x17b ./Core/Controls/Src/PWM.o
 .debug_macro   0x0000000000011843       0x5c ./Core/Controls/Src/PWM.o
 .debug_macro   0x000000000001189f      0x416 ./Core/Controls/Src/PWM.o
 .debug_macro   0x0000000000011cb5      0x9fe ./Core/Controls/Src/PWM.o
 .debug_macro   0x00000000000126b3      0x115 ./Core/Controls/Src/PWM.o
 .debug_macro   0x00000000000127c8       0xf8 ./Core/Controls/Src/PWM.o
 .debug_macro   0x00000000000128c0       0xa5 ./Core/Controls/Src/PWM.o
 .debug_macro   0x0000000000012965      0x15f ./Core/Controls/Src/PWM.o
 .debug_macro   0x0000000000012ac4      0x287 ./Core/Controls/Src/PWM.o
 .debug_macro   0x0000000000012d4b       0x5f ./Core/Controls/Src/PWM.o
 .debug_macro   0x0000000000012daa      0x236 ./Core/Controls/Src/PWM.o
 .debug_macro   0x0000000000012fe0      0x9e1 ./Core/Controls/Src/PWM.o
 .debug_macro   0x00000000000139c1      0x38b ./Core/Controls/Src/PWM.o
 .debug_macro   0x0000000000013d4c      0x176 ./Core/Controls/Src/PWM.o
 .debug_macro   0x0000000000013ec2       0xf9 ./Core/Controls/Src/PWM.o
 .debug_macro   0x0000000000013fbb      0x132 ./Core/Controls/Src/PWM.o
 .debug_macro   0x00000000000140ed      0x264 ./Core/Controls/Src/PWM.o
 .debug_macro   0x0000000000014351       0x2e ./Core/Controls/Src/PWM.o
 .debug_macro   0x000000000001437f      0x1b5 ./Core/Controls/Src/PWM.o
 .debug_macro   0x0000000000014534       0x22 ./Core/Controls/Src/PWM.o
 .debug_macro   0x0000000000014556       0xd6 ./Core/Controls/Src/PWM.o
 .debug_macro   0x000000000001462c      0x11a ./Core/Controls/Src/PWM.o
 .debug_macro   0x0000000000014746       0x85 ./Core/Controls/Src/PWM.o
 .debug_macro   0x00000000000147cb       0x89 ./Core/Controls/Src/PWM.o
 .debug_macro   0x0000000000014854      0x225 ./Core/Controls/Src/PWM.o
 .debug_macro   0x0000000000014a79      0x8e6 ./Core/Controls/Src/PWM.o
 .debug_macro   0x000000000001535f       0x47 ./Core/Controls/Src/PWM.o
 .debug_macro   0x00000000000153a6      0x295 ./Core/Controls/Src/PWM.o
 .debug_macro   0x000000000001563b      0x126 ./Core/Controls/Src/PWM.o
 .debug_macro   0x0000000000015761       0x16 ./Core/Controls/Src/PWM.o
 .debug_macro   0x0000000000015777      0x1cc ./Core/Controls/Src/PWM.o
 .debug_macro   0x0000000000015943      0x23a ./Core/Controls/Src/safety_controller.o
 .debug_macro   0x0000000000015b7d      0x232 ./Core/Src/adc.o
 .debug_macro   0x0000000000015daf      0xa78 ./Core/Src/adc.o
 .debug_macro   0x0000000000016827     0x102d ./Core/Src/adc.o
 .debug_macro   0x0000000000017854      0x174 ./Core/Src/adc.o
 .debug_macro   0x00000000000179c8      0x1c6 ./Core/Src/adc.o
 .debug_macro   0x0000000000017b8e      0x232 ./Core/Src/dma.o
 .debug_macro   0x0000000000017dc0      0x232 ./Core/Src/gpio.o
 .debug_macro   0x0000000000017ff2      0x232 ./Core/Src/i2c.o
 .debug_macro   0x0000000000018224      0x281 ./Core/Src/main.o
 .debug_macro   0x00000000000184a5      0x232 ./Core/Src/spi.o
 .debug_macro   0x00000000000186d7      0x228 ./Core/Src/stm32f4xx_hal_msp.o
 .debug_macro   0x00000000000188ff      0x232 ./Core/Src/stm32f4xx_it.o
 .debug_macro   0x0000000000018b31      0x24c ./Core/Src/syscalls.o
 .debug_macro   0x0000000000018d7d       0x4c ./Core/Src/syscalls.o
 .debug_macro   0x0000000000018dc9       0x1e ./Core/Src/syscalls.o
 .debug_macro   0x0000000000018de7       0x94 ./Core/Src/syscalls.o
 .debug_macro   0x0000000000018e7b       0x3c ./Core/Src/syscalls.o
 .debug_macro   0x0000000000018eb7       0x34 ./Core/Src/syscalls.o
 .debug_macro   0x0000000000018eeb       0x57 ./Core/Src/syscalls.o
 .debug_macro   0x0000000000018f42      0x341 ./Core/Src/syscalls.o
 .debug_macro   0x0000000000019283       0x16 ./Core/Src/syscalls.o
 .debug_macro   0x0000000000019299       0x43 ./Core/Src/syscalls.o
 .debug_macro   0x00000000000192dc       0x34 ./Core/Src/syscalls.o
 .debug_macro   0x0000000000019310       0x10 ./Core/Src/syscalls.o
 .debug_macro   0x0000000000019320       0x58 ./Core/Src/syscalls.o
 .debug_macro   0x0000000000019378       0x71 ./Core/Src/syscalls.o
 .debug_macro   0x00000000000193e9       0x1c ./Core/Src/syscalls.o
 .debug_macro   0x0000000000019405      0x12a ./Core/Src/syscalls.o
 .debug_macro   0x000000000001952f       0x10 ./Core/Src/syscalls.o
 .debug_macro   0x000000000001953f       0x35 ./Core/Src/syscalls.o
 .debug_macro   0x0000000000019574       0x10 ./Core/Src/syscalls.o
 .debug_macro   0x0000000000019584       0x10 ./Core/Src/syscalls.o
 .debug_macro   0x0000000000019594       0x10 ./Core/Src/syscalls.o
 .debug_macro   0x00000000000195a4       0x1c ./Core/Src/syscalls.o
 .debug_macro   0x00000000000195c0       0x52 ./Core/Src/syscalls.o
 .debug_macro   0x0000000000019612       0x22 ./Core/Src/syscalls.o
 .debug_macro   0x0000000000019634       0x10 ./Core/Src/syscalls.o
 .debug_macro   0x0000000000019644       0x52 ./Core/Src/syscalls.o
 .debug_macro   0x0000000000019696       0xd5 ./Core/Src/syscalls.o
 .debug_macro   0x000000000001976b       0x1c ./Core/Src/syscalls.o
 .debug_macro   0x0000000000019787       0x3d ./Core/Src/syscalls.o
 .debug_macro   0x00000000000197c4       0x35 ./Core/Src/syscalls.o
 .debug_macro   0x00000000000197f9      0x12c ./Core/Src/syscalls.o
 .debug_macro   0x0000000000019925       0x16 ./Core/Src/syscalls.o
 .debug_macro   0x000000000001993b       0x16 ./Core/Src/syscalls.o
 .debug_macro   0x0000000000019951       0x29 ./Core/Src/syscalls.o
 .debug_macro   0x000000000001997a       0x10 ./Core/Src/syscalls.o
 .debug_macro   0x000000000001998a      0x241 ./Core/Src/syscalls.o
 .debug_macro   0x0000000000019bcb       0x1c ./Core/Src/syscalls.o
 .debug_macro   0x0000000000019be7       0x10 ./Core/Src/syscalls.o
 .debug_macro   0x0000000000019bf7       0x10 ./Core/Src/syscalls.o
 .debug_macro   0x0000000000019c07       0x16 ./Core/Src/syscalls.o
 .debug_macro   0x0000000000019c1d      0x145 ./Core/Src/syscalls.o
 .debug_macro   0x0000000000019d62      0x189 ./Core/Src/syscalls.o
 .debug_macro   0x0000000000019eeb       0x16 ./Core/Src/syscalls.o
 .debug_macro   0x0000000000019f01       0xce ./Core/Src/syscalls.o
 .debug_macro   0x0000000000019fcf       0xff ./Core/Src/sysmem.o
 .debug_macro   0x000000000001a0ce      0x23b ./Core/Src/sysmem.o
 .debug_macro   0x000000000001a309      0x219 ./Core/Src/system_stm32f4xx.o
 .debug_macro   0x000000000001a522      0x232 ./Core/Src/tim.o
 .debug_macro   0x000000000001a754      0x232 ./Core/Src/usart.o
 .debug_macro   0x000000000001a986      0x279 ./Drivers/STM32F4xx_HAL_Driver/Src/stm32f4xx_hal.o
 .debug_macro   0x000000000001abff      0x21a ./Drivers/STM32F4xx_HAL_Driver/Src/stm32f4xx_hal_adc.o
 .debug_macro   0x000000000001ae19      0x219 ./Drivers/STM32F4xx_HAL_Driver/Src/stm32f4xx_hal_cortex.o
 .debug_macro   0x000000000001b032      0x21f ./Drivers/STM32F4xx_HAL_Driver/Src/stm32f4xx_hal_dma.o
 .debug_macro   0x000000000001b251      0x21f ./Drivers/STM32F4xx_HAL_Driver/Src/stm32f4xx_hal_gpio.o
 .debug_macro   0x000000000001b470      0x260 ./Drivers/STM32F4xx_HAL_Driver/Src/stm32f4xx_hal_i2c.o
 .debug_macro   0x000000000001b6d0      0x23d ./Drivers/STM32F4xx_HAL_Driver/Src/stm32f4xx_hal_rcc.o
 .debug_macro   0x000000000001b90d      0x228 ./Drivers/STM32F4xx_HAL_Driver/Src/stm32f4xx_hal_spi.o
 .debug_macro   0x000000000001bb35      0x21a ./Drivers/STM32F4xx_HAL_Driver/Src/stm32f4xx_hal_tim.o
 .debug_macro   0x000000000001bd4f      0x219 ./Drivers/STM32F4xx_HAL_Driver/Src/stm32f4xx_hal_tim_ex.o
 .debug_macro   0x000000000001bf68      0x21a ./Drivers/STM32F4xx_HAL_Driver/Src/stm32f4xx_hal_uart.o

.debug_line     0x0000000000000000    0x19a52
 .debug_line    0x0000000000000000      0xa29 ./Core/Controls/Src/PWM.o
 .debug_line    0x0000000000000a29      0x7b6 ./Core/Controls/Src/safety_controller.o
 .debug_line    0x00000000000011df      0x7c6 ./Core/Src/adc.o
 .debug_line    0x00000000000019a5      0x748 ./Core/Src/dma.o
 .debug_line    0x00000000000020ed      0x796 ./Core/Src/gpio.o
 .debug_line    0x0000000000002883      0x7b0 ./Core/Src/i2c.o
 .debug_line    0x0000000000003033      0x850 ./Core/Src/main.o
 .debug_line    0x0000000000003883      0x83a ./Core/Src/spi.o
 .debug_line    0x00000000000040bd      0x747 ./Core/Src/stm32f4xx_hal_msp.o
 .debug_line    0x0000000000004804      0x869 ./Core/Src/stm32f4xx_it.o
 .debug_line    0x000000000000506d      0x7ef ./Core/Src/syscalls.o
 .debug_line    0x000000000000585c      0x4e5 ./Core/Src/sysmem.o
 .debug_line    0x0000000000005d41      0x7c8 ./Core/Src/system_stm32f4xx.o
 .debug_line    0x0000000000006509      0xa88 ./Core/Src/tim.o
 .debug_line    0x0000000000006f91      0x884 ./Core/Src/usart.o
 .debug_line    0x0000000000007815       0x88 ./Core/Startup/startup_stm32f401retx.o
 .debug_line    0x000000000000789d      0xa2e ./Drivers/STM32F4xx_HAL_Driver/Src/stm32f4xx_hal.o
 .debug_line    0x00000000000082cb     0x11d8 ./Drivers/STM32F4xx_HAL_Driver/Src/stm32f4xx_hal_adc.o
 .debug_line    0x00000000000094a3      0xcdd ./Drivers/STM32F4xx_HAL_Driver/Src/stm32f4xx_hal_cortex.o
 .debug_line    0x000000000000a180      0xf92 ./Drivers/STM32F4xx_HAL_Driver/Src/stm32f4xx_hal_dma.o
 .debug_line    0x000000000000b112      0xb66 ./Drivers/STM32F4xx_HAL_Driver/Src/stm32f4xx_hal_gpio.o
 .debug_line    0x000000000000bc78     0x39e3 ./Drivers/STM32F4xx_HAL_Driver/Src/stm32f4xx_hal_i2c.o
 .debug_line    0x000000000000f65b      0xdaa ./Drivers/STM32F4xx_HAL_Driver/Src/stm32f4xx_hal_rcc.o
 .debug_line    0x0000000000010405     0x1cb8 ./Drivers/STM32F4xx_HAL_Driver/Src/stm32f4xx_hal_spi.o
 .debug_line    0x00000000000120bd     0x34fc ./Drivers/STM32F4xx_HAL_Driver/Src/stm32f4xx_hal_tim.o
 .debug_line    0x00000000000155b9     0x19c6 ./Drivers/STM32F4xx_HAL_Driver/Src/stm32f4xx_hal_tim_ex.o
 .debug_line    0x0000000000016f7f     0x2ad3 ./Drivers/STM32F4xx_HAL_Driver/Src/stm32f4xx_hal_uart.o

.debug_str      0x0000000000000000    0x9fd68
 .debug_str     0x0000000000000000    0x95746 ./Core/Controls/Src/PWM.o
                                      0x95bfd (size before relaxing)
 .debug_str     0x0000000000095746       0x81 ./Core/Controls/Src/safety_controller.o
                                      0x958c9 (size before relaxing)
 .debug_str     0x00000000000957c7      0x53b ./Core/Src/adc.o
                                      0x95131 (size before relaxing)
 .debug_str     0x0000000000095d02      0x3dd ./Core/Src/dma.o
                                      0x94faf (size before relaxing)
 .debug_str     0x00000000000960df       0x68 ./Core/Src/gpio.o
                                      0x94cbf (size before relaxing)
 .debug_str     0x0000000000096147      0x2ce ./Core/Src/i2c.o
                                      0x951f3 (size before relaxing)
 .debug_str     0x0000000000096415      0x267 ./Core/Src/main.o
                                      0x953f8 (size before relaxing)
 .debug_str     0x000000000009667c      0x1ff ./Core/Src/spi.o
                                      0x9515e (size before relaxing)
 .debug_str     0x000000000009687b       0x49 ./Core/Src/stm32f4xx_hal_msp.o
                                      0x94c11 (size before relaxing)
 .debug_str     0x00000000000968c4      0x17d ./Core/Src/stm32f4xx_it.o
                                      0x94e7c (size before relaxing)
 .debug_str     0x0000000000096a41     0x54a5 ./Core/Src/syscalls.o
                                       0x8a6b (size before relaxing)
 .debug_str     0x000000000009bee6       0x6b ./Core/Src/sysmem.o
                                       0x5da7 (size before relaxing)
 .debug_str     0x000000000009bf51       0xdb ./Core/Src/system_stm32f4xx.o
                                      0x945d4 (size before relaxing)
 .debug_str     0x000000000009c02c      0x301 ./Core/Src/tim.o
                                      0x9559f (size before relaxing)
 .debug_str     0x000000000009c32d      0x1d6 ./Core/Src/usart.o
                                      0x9518a (size before relaxing)
 .debug_str     0x000000000009c503       0x36 ./Core/Startup/startup_stm32f401retx.o
                                         0x69 (size before relaxing)
 .debug_str     0x000000000009c539      0x57d ./Drivers/STM32F4xx_HAL_Driver/Src/stm32f4xx_hal.o
                                      0x94ff6 (size before relaxing)
 .debug_str     0x000000000009cab6      0x2d0 ./Drivers/STM32F4xx_HAL_Driver/Src/stm32f4xx_hal_adc.o
                                      0x94baf (size before relaxing)
 .debug_str     0x000000000009cd86      0x32b ./Drivers/STM32F4xx_HAL_Driver/Src/stm32f4xx_hal_cortex.o
                                      0x94d17 (size before relaxing)
 .debug_str     0x000000000009d0b1      0x2b9 ./Drivers/STM32F4xx_HAL_Driver/Src/stm32f4xx_hal_dma.o
                                      0x949dc (size before relaxing)
 .debug_str     0x000000000009d36a      0x10e ./Drivers/STM32F4xx_HAL_Driver/Src/stm32f4xx_hal_gpio.o
                                      0x9474f (size before relaxing)
 .debug_str     0x000000000009d478      0xab0 ./Drivers/STM32F4xx_HAL_Driver/Src/stm32f4xx_hal_i2c.o
                                      0x95592 (size before relaxing)
 .debug_str     0x000000000009df28      0x213 ./Drivers/STM32F4xx_HAL_Driver/Src/stm32f4xx_hal_rcc.o
                                      0x94a08 (size before relaxing)
 .debug_str     0x000000000009e13b      0x557 ./Drivers/STM32F4xx_HAL_Driver/Src/stm32f4xx_hal_spi.o
                                      0x94e86 (size before relaxing)
 .debug_str     0x000000000009e692      0xd01 ./Drivers/STM32F4xx_HAL_Driver/Src/stm32f4xx_hal_tim.o
                                      0x9593c (size before relaxing)
 .debug_str     0x000000000009f393      0x3e1 ./Drivers/STM32F4xx_HAL_Driver/Src/stm32f4xx_hal_tim_ex.o
                                      0x95158 (size before relaxing)
 .debug_str     0x000000000009f774      0x5f4 ./Drivers/STM32F4xx_HAL_Driver/Src/stm32f4xx_hal_uart.o
                                      0x94f95 (size before relaxing)

.comment        0x0000000000000000       0x50
 .comment       0x0000000000000000       0x50 ./Core/Controls/Src/PWM.o
                                         0x51 (size before relaxing)
 .comment       0x0000000000000050       0x51 ./Core/Controls/Src/safety_controller.o
 .comment       0x0000000000000050       0x51 ./Core/Src/adc.o
 .comment       0x0000000000000050       0x51 ./Core/Src/dma.o
 .comment       0x0000000000000050       0x51 ./Core/Src/gpio.o
 .comment       0x0000000000000050       0x51 ./Core/Src/i2c.o
 .comment       0x0000000000000050       0x51 ./Core/Src/main.o
 .comment       0x0000000000000050       0x51 ./Core/Src/spi.o
 .comment       0x0000000000000050       0x51 ./Core/Src/stm32f4xx_hal_msp.o
 .comment       0x0000000000000050       0x51 ./Core/Src/stm32f4xx_it.o
 .comment       0x0000000000000050       0x51 ./Core/Src/syscalls.o
 .comment       0x0000000000000050       0x51 ./Core/Src/sysmem.o
 .comment       0x0000000000000050       0x51 ./Core/Src/system_stm32f4xx.o
 .comment       0x0000000000000050       0x51 ./Core/Src/tim.o
 .comment       0x0000000000000050       0x51 ./Core/Src/usart.o
 .comment       0x0000000000000050       0x51 ./Drivers/STM32F4xx_HAL_Driver/Src/stm32f4xx_hal.o
 .comment       0x0000000000000050       0x51 ./Drivers/STM32F4xx_HAL_Driver/Src/stm32f4xx_hal_adc.o
 .comment       0x0000000000000050       0x51 ./Drivers/STM32F4xx_HAL_Driver/Src/stm32f4xx_hal_cortex.o
 .comment       0x0000000000000050       0x51 ./Drivers/STM32F4xx_HAL_Driver/Src/stm32f4xx_hal_dma.o
 .comment       0x0000000000000050       0x51 ./Drivers/STM32F4xx_HAL_Driver/Src/stm32f4xx_hal_gpio.o
 .comment       0x0000000000000050       0x51 ./Drivers/STM32F4xx_HAL_Driver/Src/stm32f4xx_hal_i2c.o
 .comment       0x0000000000000050       0x51 ./Drivers/STM32F4xx_HAL_Driver/Src/stm32f4xx_hal_rcc.o
 .comment       0x0000000000000050       0x51 ./Drivers/STM32F4xx_HAL_Driver/Src/stm32f4xx_hal_spi.o
 .comment       0x0000000000000050       0x51 ./Drivers/STM32F4xx_HAL_Driver/Src/stm32f4xx_hal_tim.o
 .comment       0x0000000000000050       0x51 ./Drivers/STM32F4xx_HAL_Driver/Src/stm32f4xx_hal_tim_ex.o
 .comment       0x0000000000000050       0x51 ./Drivers/STM32F4xx_HAL_Driver/Src/stm32f4xx_hal_uart.o

.debug_frame    0x0000000000000000     0x55d4
 .debug_frame   0x0000000000000000      0x144 ./Core/Controls/Src/PWM.o
 .debug_frame   0x0000000000000144       0x30 ./Core/Controls/Src/safety_controller.o
 .debug_frame   0x0000000000000174       0x7c ./Core/Src/adc.o
 .debug_frame   0x00000000000001f0       0x34 ./Core/Src/dma.o
 .debug_frame   0x0000000000000224       0x34 ./Core/Src/gpio.o
 .debug_frame   0x0000000000000258       0x74 ./Core/Src/i2c.o
 .debug_frame   0x00000000000002cc       0x68 ./Core/Src/main.o
 .debug_frame   0x0000000000000334       0x90 ./Core/Src/spi.o
 .debug_frame   0x00000000000003c4       0x34 ./Core/Src/stm32f4xx_hal_msp.o
 .debug_frame   0x00000000000003f8      0x174 ./Core/Src/stm32f4xx_it.o
 .debug_frame   0x000000000000056c      0x2ac ./Core/Src/syscalls.o
 .debug_frame   0x0000000000000818       0x34 ./Core/Src/sysmem.o
 .debug_frame   0x000000000000084c       0x58 ./Core/Src/system_stm32f4xx.o
 .debug_frame   0x00000000000008a4       0xec ./Core/Src/tim.o
 .debug_frame   0x0000000000000990       0xac ./Core/Src/usart.o
 .debug_frame   0x0000000000000a3c      0x374 ./Drivers/STM32F4xx_HAL_Driver/Src/stm32f4xx_hal.o
 .debug_frame   0x0000000000000db0      0x3fc ./Drivers/STM32F4xx_HAL_Driver/Src/stm32f4xx_hal_adc.o
 .debug_frame   0x00000000000011ac      0x498 ./Drivers/STM32F4xx_HAL_Driver/Src/stm32f4xx_hal_cortex.o
 .debug_frame   0x0000000000001644      0x250 ./Drivers/STM32F4xx_HAL_Driver/Src/stm32f4xx_hal_dma.o
 .debug_frame   0x0000000000001894      0x14c ./Drivers/STM32F4xx_HAL_Driver/Src/stm32f4xx_hal_gpio.o
 .debug_frame   0x00000000000019e0      0xc5c ./Drivers/STM32F4xx_HAL_Driver/Src/stm32f4xx_hal_i2c.o
 .debug_frame   0x000000000000263c      0x1f4 ./Drivers/STM32F4xx_HAL_Driver/Src/stm32f4xx_hal_rcc.o
 .debug_frame   0x0000000000002830      0x824 ./Drivers/STM32F4xx_HAL_Driver/Src/stm32f4xx_hal_spi.o
 .debug_frame   0x0000000000003054     0x11bc ./Drivers/STM32F4xx_HAL_Driver/Src/stm32f4xx_hal_tim.o
 .debug_frame   0x0000000000004210      0x638 ./Drivers/STM32F4xx_HAL_Driver/Src/stm32f4xx_hal_tim_ex.o
 .debug_frame   0x0000000000004848      0x92c ./Drivers/STM32F4xx_HAL_Driver/Src/stm32f4xx_hal_uart.o
 .debug_frame   0x0000000000005174       0x28 c:/st/stm32cubeide_1.6.1/stm32cubeide/plugins/com.st.stm32cube.ide.mcu.externaltools.gnu-tools-for-stm32.10.3-2021.10.win32_1.0.0.202111181127/tools/bin/../lib/gcc/arm-none-eabi/10.3.1/../../../../arm-none-eabi/lib/thumb/v7e-m+fp/hard\libstdc++_nano.a(new_op.o)
 .debug_frame   0x000000000000519c       0x30 c:/st/stm32cubeide_1.6.1/stm32cubeide/plugins/com.st.stm32cube.ide.mcu.externaltools.gnu-tools-for-stm32.10.3-2021.10.win32_1.0.0.202111181127/tools/bin/../lib/gcc/arm-none-eabi/10.3.1/../../../../arm-none-eabi/lib/thumb/v7e-m+fp/hard\libstdc++_nano.a(new_handler.o)
 .debug_frame   0x00000000000051cc       0x28 c:/st/stm32cubeide_1.6.1/stm32cubeide/plugins/com.st.stm32cube.ide.mcu.externaltools.gnu-tools-for-stm32.10.3-2021.10.win32_1.0.0.202111181127/tools/bin/../lib/gcc/arm-none-eabi/10.3.1/../../../../arm-none-eabi/lib/thumb/v7e-m+fp/hard\libc_nano.a(lib_a-abort.o)
 .debug_frame   0x00000000000051f4       0x20 c:/st/stm32cubeide_1.6.1/stm32cubeide/plugins/com.st.stm32cube.ide.mcu.externaltools.gnu-tools-for-stm32.10.3-2021.10.win32_1.0.0.202111181127/tools/bin/../lib/gcc/arm-none-eabi/10.3.1/../../../../arm-none-eabi/lib/thumb/v7e-m+fp/hard\libc_nano.a(lib_a-errno.o)
 .debug_frame   0x0000000000005214       0x2c c:/st/stm32cubeide_1.6.1/stm32cubeide/plugins/com.st.stm32cube.ide.mcu.externaltools.gnu-tools-for-stm32.10.3-2021.10.win32_1.0.0.202111181127/tools/bin/../lib/gcc/arm-none-eabi/10.3.1/../../../../arm-none-eabi/lib/thumb/v7e-m+fp/hard\libc_nano.a(lib_a-init.o)
 .debug_frame   0x0000000000005240       0x30 c:/st/stm32cubeide_1.6.1/stm32cubeide/plugins/com.st.stm32cube.ide.mcu.externaltools.gnu-tools-for-stm32.10.3-2021.10.win32_1.0.0.202111181127/tools/bin/../lib/gcc/arm-none-eabi/10.3.1/../../../../arm-none-eabi/lib/thumb/v7e-m+fp/hard\libc_nano.a(lib_a-malloc.o)